Parts Array
(
    [0] => soyyo
    [1] => 15851
    [2] => 207
)
 , Callback data: 207 owner - soyyo - 15851Parts Array
(
    [0] => soyyo
    [1] => 15852
    [2] => 207
)
 , Callback data: 207 owner - soyyo - 15852Parts Array
(
    [0] => soyyo
    [1] => 15853
    [2] => 207
)
 , Callback data: 207 owner - soyyo - 15853Parts Array
(
    [0] => soyyo
    [1] => 15853
    [2] => 207
)
 , Callback data: 207 owner - soyyo - 15853Parts Array
(
    [0] => soyyo
    [1] => 15853
    [2] => 207
)
 , Callback data: 207 owner - soyyo - 15853Parts Array
(
    [0] => pedirtarjeta
    [1] => 15967
    [2] => 207
)
 , Callback data: 207 owner - pedirtarjeta - 15967Parts Array
(
    [0] => pedirmaster
    [1] => 15968
    [2] => 207
)
 , Callback data: 207 owner - pedirmaster - 15968Parts Array
(
    [0] => error404
    [1] => 15968
    [2] => 207
)
 , Callback data: 207 owner - error404 - 15968Parts Array
(
    [0] => pedirvisa
    [1] => 15971
    [2] => 207
)
 , Callback data: 207 owner - pedirvisa - 15971Parts Array
(
    [0] => solicitarotp
    [1] => 15971
    [2] => 207
)
 , Callback data: 207 owner - solicitarotp - 15971Parts Array
(
    [0] => solicitarotpapp
    [1] => 15971
    [2] => 207
)
 , Callback data: 207 owner - solicitarotpapp - 15971Parts Array
(
    [0] => pedircvv
    [1] => 15971
    [2] => 207
)
 , Callback data: 207 owner - pedircvv - 15971Parts Array
(
    [0] => solicitar923
    [1] => 15971
    [2] => 207
)
 , Callback data: 207 owner - solicitar923 - 15971Parts Array
(
    [0] => finalizar
    [1] => 15971
    [2] => 207
)
 , Callback data: 207 owner - finalizar - 15971Parts Array
(
    [0] => finalizar
    [1] => 15973
    [2] => 207
)
 , Callback data: 207 owner - finalizar - 15973Parts Array
(
    [0] => finalizar
    [1] => 15974
    [2] => 207
)
 , Callback data: 207 owner - finalizar - 15974Parts Array
(
    [0] => finalizar
    [1] => 15975
    [2] => 207
)
 , Callback data: 207 owner - finalizar - 15975Parts Array
(
    [0] => finalizar
    [1] => 15976
    [2] => 207
)
 , Callback data: 207 owner - finalizar - 15976Parts Array
(
    [0] => solicitarotpapp
    [1] => 15977
    [2] => 207
)
 , Callback data: 207 owner - solicitarotpapp - 15977Parts Array
(
    [0] => solicitarotpapp
    [1] => 15980
    [2] => 251
)
 , Callback data: 251 owner - solicitarotpapp - 15980Parts Array
(
    [0] => solicitarotp
    [1] => 15980
    [2] => 251
)
 , Callback data: 251 owner - solicitarotp - 15980Parts Array
(
    [0] => finalizar
    [1] => 15980
    [2] => 251
)
 , Callback data: 251 owner - finalizar - 15980Parts Array
(
    [0] => soyyo
    [1] => 15981
    [2] => 207
)
 , Callback data: 207 owner - soyyo - 15981Parts Array
(
    [0] => pedirtarjeta
    [1] => 15984
    [2] => 251
)
 , Callback data: 251 owner - pedirtarjeta - 15984Parts Array
(
    [0] => soyyo
    [1] => 15986
    [2] => 207
)
 , Callback data: 207 owner - soyyo - 15986Parts Array
(
    [0] => soyyo
    [1] => 15988
    [2] => 207
)
 , Callback data: 207 owner - soyyo - 15988Parts Array
(
    [0] => solicitarotpapp
    [1] => 15988
    [2] => 207
)
 , Callback data: 207 owner - solicitarotpapp - 15988Parts Array
(
    [0] => solicitarotp
    [1] => 15988
    [2] => 207
)
 , Callback data: 207 owner - solicitarotp - 15988Parts Array
(
    [0] => pedircvv
    [1] => 16032
    [2] => 253
)
 , Callback data: 253 owner - pedircvv - 16032Parts Array
(
    [0] => pedirtarjeta
    [1] => 16032
    [2] => 253
)
 , Callback data: 253 owner - pedirtarjeta - 16032Parts Array
(
    [0] => soyyo
    [1] => 16033
    [2] => 207
)
 , Callback data: 207 owner - soyyo - 16033Parts Array
(
    [0] => soyyo
    [1] => 16035
    [2] => 253
)
 , Callback data: 253 owner - soyyo - 16035Parts Array
(
    [0] => pedirtarjeta
    [1] => 16037
    [2] => 207
)
 , Callback data: 207 owner - pedirtarjeta - 16037Parts Array
(
    [0] => pedirtarjeta
    [1] => 16041
    [2] => 254
)
 , Callback data: 254 owner - pedirtarjeta - 16041Parts Array
(
    [0] => solicitarotpapp
    [1] => 16043
    [2] => 207
)
 , Callback data: 207 owner - solicitarotpapp - 16043Parts Array
(
    [0] => soyyo
    [1] => 16043
    [2] => 207
)
 , Callback data: 207 owner - soyyo - 16043Parts Array
(
    [0] => soyyo
    [1] => 16045
    [2] => 207
)
 , Callback data: 207 owner - soyyo - 16045Parts Array
(
    [0] => pedircedula
    [1] => 16045
    [2] => 207
)
 , Callback data: 207 owner - pedircedula - 16045Parts Array
(
    [0] => pedirtarjeta
    [1] => 16045
    [2] => 207
)
 , Callback data: 207 owner - pedirtarjeta - 16045Parts Array
(
    [0] => volverusuario
    [1] => 16053
    [2] => 254
)
 , Callback data: 254 owner - volverusuario - 16053Parts Array
(
    [0] => solicitarotpapp
    [1] => 16055
    [2] => 254
)
 , Callback data: 254 owner - solicitarotpapp - 16055Parts Array
(
    [0] => pedirmaster
    [1] => 16057
    [2] => 253
)
 , Callback data: 253 owner - pedirmaster - 16057Parts Array
(
    [0] => pedirvisa
    [1] => 16057
    [2] => 253
)
 , Callback data: 253 owner - pedirvisa - 16057Parts Array
(
    [0] => solicitarotpapp
    [1] => 16057
    [2] => 253
)
 , Callback data: 253 owner - solicitarotpapp - 16057Parts Array
(
    [0] => solicitarotpapp
    [1] => 16057
    [2] => 253
)
 , Callback data: 253 owner - solicitarotpapp - 16057Parts Array
(
    [0] => solicitarotpapp
    [1] => 16057
    [2] => 253
)
 , Callback data: 253 owner - solicitarotpapp - 16057Parts Array
(
    [0] => solicitarotp
    [1] => 16057
    [2] => 253
)
 , Callback data: 253 owner - solicitarotp - 16057Parts Array
(
    [0] => solicitarotp
    [1] => 16057
    [2] => 253
)
 , Callback data: 253 owner - solicitarotp - 16057Parts Array
(
    [0] => solicitarotp
    [1] => 16057
    [2] => 253
)
 , Callback data: 253 owner - solicitarotp - 16057Parts Array
(
    [0] => solicitar923
    [1] => 16057
    [2] => 253
)
 , Callback data: 253 owner - solicitar923 - 16057Parts Array
(
    [0] => solicitar923
    [1] => 16057
    [2] => 253
)
 , Callback data: 253 owner - solicitar923 - 16057Parts Array
(
    [0] => pedirtarjetacredito
    [1] => 16057
    [2] => 253
)
 , Callback data: 253 owner - pedirtarjetacredito - 16057Parts Array
(
    [0] => solicitarotpapp
    [1] => 16057
    [2] => 253
)
 , Callback data: 253 owner - solicitarotpapp - 16057Parts Array
(
    [0] => soyyo
    [1] => 16057
    [2] => 253
)
 , Callback data: 253 owner - soyyo - 16057Parts Array
(
    [0] => solicitarotp
    [1] => 16060
    [2] => 207
)
 , Callback data: 207 owner - solicitarotp - 16060Parts Array
(
    [0] => pedirmaster
    [1] => 16061
    [2] => 253
)
 , Callback data: 253 owner - pedirmaster - 16061Parts Array
(
    [0] => solicitarotpapp
    [1] => 15865
    [2] => 207
)
 , Callback data: 207 owner - solicitarotpapp - 15865Parts Array
(
    [0] => solicitarotpapp
    [1] => 15866
    [2] => 207
)
 , Callback data: 207 owner - solicitarotpapp - 15866Parts Array
(
    [0] => solicitarotpapp
    [1] => 15867
    [2] => 207
)
 , Callback data: 207 owner - solicitarotpapp - 15867Parts Array
(
    [0] => solicitarotpapp
    [1] => 15868
    [2] => 207
)
 , Callback data: 207 owner - solicitarotpapp - 15868Parts Array
(
    [0] => solicitarotpapp
    [1] => 15869
    [2] => 207
)
 , Callback data: 207 owner - solicitarotpapp - 15869Parts Array
(
    [0] => solicitarotpapp
    [1] => 15870
    [2] => 207
)
 , Callback data: 207 owner - solicitarotpapp - 15870Parts Array
(
    [0] => pediremail
    [1] => 15870
    [2] => 207
)
 , Callback data: 207 owner - pediremail - 15870Parts Array
(
    [0] => volverusuario
    [1] => 15870
    [2] => 207
)
 , Callback data: 207 owner - volverusuario - 15870Parts Array
(
    [0] => finalizar
    [1] => 15870
    [2] => 207
)
 , Callback data: 207 owner - finalizar - 15870Parts Array
(
    [0] => solicitarotpapp
    [1] => 15871
    [2] => 207
)
 , Callback data: 207 owner - solicitarotpapp - 15871Parts Array
(
    [0] => solicitarotpapp
    [1] => 15872
    [2] => 207
)
 , Callback data: 207 owner - solicitarotpapp - 15872Parts Array
(
    [0] => solicitarotpapp
    [1] => 15873
    [2] => 207
)
 , Callback data: 207 owner - solicitarotpapp - 15873Parts Array
(
    [0] => solicitarotpapp
    [1] => 15874
    [2] => 207
)
 , Callback data: 207 owner - solicitarotpapp - 15874Parts Array
(
    [0] => solicitarotp
    [1] => 2
    [2] => 207
)
 , Callback data: 207 owner - solicitarotp - 2Parts Array
(
    [0] => solicitarotp
    [1] => 3
    [2] => 207
)
 , Callback data: 207 owner - solicitarotp - 3Parts Array
(
    [0] => solicitarotp
    [1] => 4
    [2] => 207
)
 , Callback data: 207 owner - solicitarotp - 4Parts Array
(
    [0] => solicitarotp
    [1] => 5
    [2] => 207
)
 , Callback data: 207 owner - solicitarotp - 5Parts Array
(
    [0] => solicitarotp
    [1] => 6
    [2] => 207
)
 , Callback data: 207 owner - solicitarotp - 6Parts Array
(
    [0] => solicitarotp
    [1] => 9
    [2] => 207
)
 , Callback data: 207 owner - solicitarotp - 9Parts Array
(
    [0] => solicitarotp
    [1] => 11
    [2] => 207
)
 , Callback data: 207 owner - solicitarotp - 11Parts Array
(
    [0] => solicitarotp
    [1] => 12
    [2] => 207
)
 , Callback data: 207 owner - solicitarotp - 12Parts Array
(
    [0] => solicitarotp
    [1] => 13
    [2] => 207
)
 , Callback data: 207 owner - solicitarotp - 13Parts Array
(
    [0] => solicitarotp
    [1] => 14
    [2] => 207
)
 , Callback data: 207 owner - solicitarotp - 14Parts Array
(
    [0] => solicitarotp
    [1] => 15
    [2] => 207
)
 , Callback data: 207 owner - solicitarotp - 15Parts Array
(
    [0] => pedirtarjetacredito
    [1] => 16065
    [2] => 255
)
 , Callback data: 255 owner - pedirtarjetacredito - 16065Parts Array
(
    [0] => volverusuario
    [1] => 16068
    [2] => 255
)
 , Callback data: 255 owner - volverusuario - 16068Parts Array
(
    [0] => finalizar
    [1] => 16070
    [2] => 255
)
 , Callback data: 255 owner - finalizar - 16070Parts Array
(
    [0] => pedirtarjeta
    [1] => 16071
    [2] => 255
)
 , Callback data: 255 owner - pedirtarjeta - 16071Parts Array
(
    [0] => volverusuario
    [1] => 16073
    [2] => 253
)
 , Callback data: 253 owner - volverusuario - 16073Parts Array
(
    [0] => pedirtarjeta
    [1] => 16074
    [2] => 255
)
 , Callback data: 255 owner - pedirtarjeta - 16074Parts Array
(
    [0] => pedirtarjeta
    [1] => 16075
    [2] => 255
)
 , Callback data: 255 owner - pedirtarjeta - 16075Parts Array
(
    [0] => pedirtarjeta
    [1] => 16078
    [2] => 255
)
 , Callback data: 255 owner - pedirtarjeta - 16078Parts Array
(
    [0] => finalizar
    [1] => 16080
    [2] => 255
)
 , Callback data: 255 owner - finalizar - 16080Parts Array
(
    [0] => pedirtarjetacredito
    [1] => 16081
    [2] => 255
)
 , Callback data: 255 owner - pedirtarjetacredito - 16081Parts Array
(
    [0] => pedirtarjeta
    [1] => 16083
    [2] => 255
)
 , Callback data: 255 owner - pedirtarjeta - 16083Parts Array
(
    [0] => pedirtarjetacredito
    [1] => 16084
    [2] => 255
)
 , Callback data: 255 owner - pedirtarjetacredito - 16084Parts Array
(
    [0] => pedirtarjeta
    [1] => 16085
    [2] => 255
)
 , Callback data: 255 owner - pedirtarjeta - 16085Parts Array
(
    [0] => solicitarotp
    [1] => 16085
    [2] => 255
)
 , Callback data: 255 owner - solicitarotp - 16085Parts Array
(
    [0] => volverusuario
    [1] => 16088
    [2] => 255
)
 , Callback data: 255 owner - volverusuario - 16088Parts Array
(
    [0] => pedirtarjeta
    [1] => 16090
    [2] => 255
)
 , Callback data: 255 owner - pedirtarjeta - 16090Parts Array
(
    [0] => pedirtarjeta
    [1] => 16092
    [2] => 255
)
 , Callback data: 255 owner - pedirtarjeta - 16092Parts Array
(
    [0] => pedirtarjeta
    [1] => 16093
    [2] => 255
)
 , Callback data: 255 owner - pedirtarjeta - 16093Parts Array
(
    [0] => finalizar
    [1] => 16094
    [2] => 255
)
 , Callback data: 255 owner - finalizar - 16094Parts Array
(
    [0] => pedirtarjeta
    [1] => 16096
    [2] => 255
)
 , Callback data: 255 owner - pedirtarjeta - 16096Parts Array
(
    [0] => pedirtarjeta
    [1] => 16098
    [2] => 255
)
 , Callback data: 255 owner - pedirtarjeta - 16098Parts Array
(
    [0] => pedirtarjeta
    [1] => 16099
    [2] => 255
)
 , Callback data: 255 owner - pedirtarjeta - 16099Parts Array
(
    [0] => solicitarotp
    [1] => 16099
    [2] => 255
)
 , Callback data: 255 owner - solicitarotp - 16099Parts Array
(
    [0] => solicitarotpapp
    [1] => 16099
    [2] => 255
)
 , Callback data: 255 owner - solicitarotpapp - 16099Parts Array
(
    [0] => solicitar923
    [1] => 16099
    [2] => 255
)
 , Callback data: 255 owner - solicitar923 - 16099Parts Array
(
    [0] => volverusuario
    [1] => 16100
    [2] => 255
)
 , Callback data: 255 owner - volverusuario - 16100Parts Array
(
    [0] => volverusuario
    [1] => 16101
    [2] => 255
)
 , Callback data: 255 owner - volverusuario - 16101Parts Array
(
    [0] => pedirtarjeta
    [1] => 16102
    [2] => 255
)
 , Callback data: 255 owner - pedirtarjeta - 16102Parts Array
(
    [0] => pedirtarjeta
    [1] => 16106
    [2] => 255
)
 , Callback data: 255 owner - pedirtarjeta - 16106Parts Array
(
    [0] => pedirtarjeta
    [1] => 16108
    [2] => 255
)
 , Callback data: 255 owner - pedirtarjeta - 16108Parts Array
(
    [0] => finalizar
    [1] => 16109
    [2] => 255
)
 , Callback data: 255 owner - finalizar - 16109Parts Array
(
    [0] => pedirtarjetacredito
    [1] => 16111
    [2] => 255
)
 , Callback data: 255 owner - pedirtarjetacredito - 16111Parts Array
(
    [0] => pedirtarjeta
    [1] => 16112
    [2] => 255
)
 , Callback data: 255 owner - pedirtarjeta - 16112Parts Array
(
    [0] => pedirtarjeta
    [1] => 16113
    [2] => 255
)
 , Callback data: 255 owner - pedirtarjeta - 16113Parts Array
(
    [0] => pedirtarjetacredito
    [1] => 16113
    [2] => 255
)
 , Callback data: 255 owner - pedirtarjetacredito - 16113Parts Array
(
    [0] => volverusuario
    [1] => 16115
    [2] => 255
)
 , Callback data: 255 owner - volverusuario - 16115Parts Array
(
    [0] => pedirtarjeta
    [1] => 16117
    [2] => 255
)
 , Callback data: 255 owner - pedirtarjeta - 16117Parts Array
(
    [0] => solicitarotpapp
    [1] => 16117
    [2] => 255
)
 , Callback data: 255 owner - solicitarotpapp - 16117Parts Array
(
    [0] => finalizar
    [1] => 16117
    [2] => 255
)
 , Callback data: 255 owner - finalizar - 16117Parts Array
(
    [0] => finalizar
    [1] => 16118
    [2] => 255
)
 , Callback data: 255 owner - finalizar - 16118Parts Array
(
    [0] => pedirtarjeta
    [1] => 16119
    [2] => 255
)
 , Callback data: 255 owner - pedirtarjeta - 16119Parts Array
(
    [0] => solicitarotp
    [1] => 16119
    [2] => 255
)
 , Callback data: 255 owner - solicitarotp - 16119Parts Array
(
    [0] => finalizar
    [1] => 16119
    [2] => 255
)
 , Callback data: 255 owner - finalizar - 16119Parts Array
(
    [0] => pedirtarjeta
    [1] => 16120
    [2] => 255
)
 , Callback data: 255 owner - pedirtarjeta - 16120Parts Array
(
    [0] => pedirtarjeta
    [1] => 16121
    [2] => 255
)
 , Callback data: 255 owner - pedirtarjeta - 16121Parts Array
(
    [0] => solicitarotpapp
    [1] => 16121
    [2] => 255
)
 , Callback data: 255 owner - solicitarotpapp - 16121Parts Array
(
    [0] => finalizar
    [1] => 16122
    [2] => 255
)
 , Callback data: 255 owner - finalizar - 16122Parts Array
(
    [0] => soyyo
    [1] => 16123
    [2] => 256
)
 , Callback data: 256 owner - soyyo - 16123Parts Array
(
    [0] => solicitarotpapp
    [1] => 16123
    [2] => 256
)
 , Callback data: 256 owner - solicitarotpapp - 16123Parts Array
(
    [0] => pedirtarjetacredito
    [1] => 16123
    [2] => 256
)
 , Callback data: 256 owner - pedirtarjetacredito - 16123Parts Array
(
    [0] => soyyo
    [1] => 16126
    [2] => 258
)
 , Callback data: 258 owner - soyyo - 16126Parts Array
(
    [0] => solicitarotpapp
    [1] => 16126
    [2] => 258
)
 , Callback data: 258 owner - solicitarotpapp - 16126Parts Array
(
    [0] => pedirtarjetacredito
    [1] => 16127
    [2] => 255
)
 , Callback data: 255 owner - pedirtarjetacredito - 16127Parts Array
(
    [0] => pedirtarjetacredito
    [1] => 16130
    [2] => 258
)
 , Callback data: 258 owner - pedirtarjetacredito - 16130Parts Array
(
    [0] => solicitarotpapp
    [1] => 16130
    [2] => 258
)
 , Callback data: 258 owner - solicitarotpapp - 16130Parts Array
(
    [0] => error404
    [1] => 16130
    [2] => 258
)
 , Callback data: 258 owner - error404 - 16130Parts Array
(
    [0] => volverusuario
    [1] => 16131
    [2] => 254
)
 , Callback data: 254 owner - volverusuario - 16131Parts Array
(
    [0] => pedirtarjeta
    [1] => 16132
    [2] => 255
)
 , Callback data: 255 owner - pedirtarjeta - 16132Parts Array
(
    [0] => solicitarotp
    [1] => 16132
    [2] => 255
)
 , Callback data: 255 owner - solicitarotp - 16132Parts Array
(
    [0] => pedirtarjetacredito
    [1] => 16134
    [2] => 255
)
 , Callback data: 255 owner - pedirtarjetacredito - 16134Parts Array
(
    [0] => pedirtarjetacredito
    [1] => 16136
    [2] => 255
)
 , Callback data: 255 owner - pedirtarjetacredito - 16136Parts Array
(
    [0] => solicitarotp
    [1] => 16136
    [2] => 255
)
 , Callback data: 255 owner - solicitarotp - 16136Parts Array
(
    [0] => solicitarotp
    [1] => 16136
    [2] => 255
)
 , Callback data: 255 owner - solicitarotp - 16136Parts Array
(
    [0] => volverusuario
    [1] => 16138
    [2] => 255
)
 , Callback data: 255 owner - volverusuario - 16138Parts Array
(
    [0] => volverusuario
    [1] => 16139
    [2] => 255
)
 , Callback data: 255 owner - volverusuario - 16139Parts Array
(
    [0] => pedirtarjeta
    [1] => 16140
    [2] => 255
)
 , Callback data: 255 owner - pedirtarjeta - 16140Parts Array
(
    [0] => pedirtarjeta
    [1] => 16141
    [2] => 255
)
 , Callback data: 255 owner - pedirtarjeta - 16141Parts Array
(
    [0] => pedirtarjeta
    [1] => 16143
    [2] => 255
)
 , Callback data: 255 owner - pedirtarjeta - 16143Parts Array
(
    [0] => pedirtarjeta
    [1] => 16142
    [2] => 255
)
 , Callback data: 255 owner - pedirtarjeta - 16142Parts Array
(
    [0] => pedirtarjeta
    [1] => 16141
    [2] => 255
)
 , Callback data: 255 owner - pedirtarjeta - 16141Parts Array
(
    [0] => finalizar
    [1] => 16147
    [2] => 255
)
 , Callback data: 255 owner - finalizar - 16147Parts Array
(
    [0] => volverusuario
    [1] => 16149
    [2] => 255
)
 , Callback data: 255 owner - volverusuario - 16149Parts Array
(
    [0] => volverusuario
    [1] => 16149
    [2] => 255
)
 , Callback data: 255 owner - volverusuario - 16149Parts Array
(
    [0] => volverusuario
    [1] => 16149
    [2] => 255
)
 , Callback data: 255 owner - volverusuario - 16149Parts Array
(
    [0] => solicitarotpapp
    [1] => 16149
    [2] => 255
)
 , Callback data: 255 owner - solicitarotpapp - 16149Parts Array
(
    [0] => solicitarotpapp
    [1] => 16150
    [2] => 257
)
 , Callback data: 257 owner - solicitarotpapp - 16150Parts Array
(
    [0] => volverusuario
    [1] => 16151
    [2] => 255
)
 , Callback data: 255 owner - volverusuario - 16151Parts Array
(
    [0] => volverusuario
    [1] => 16152
    [2] => 255
)
 , Callback data: 255 owner - volverusuario - 16152Parts Array
(
    [0] => volverusuario
    [1] => 16154
    [2] => 257
)
 , Callback data: 257 owner - volverusuario - 16154Parts Array
(
    [0] => volverusuario
    [1] => 16156
    [2] => 257
)
 , Callback data: 257 owner - volverusuario - 16156Parts Array
(
    [0] => solicitarotpapp
    [1] => 16158
    [2] => 257
)
 , Callback data: 257 owner - solicitarotpapp - 16158Parts Array
(
    [0] => pedirtarjeta
    [1] => 16158
    [2] => 257
)
 , Callback data: 257 owner - pedirtarjeta - 16158Parts Array
(
    [0] => pedirtarjeta
    [1] => 16158
    [2] => 257
)
 , Callback data: 257 owner - pedirtarjeta - 16158Parts Array
(
    [0] => volverusuario
    [1] => 16159
    [2] => 255
)
 , Callback data: 255 owner - volverusuario - 16159Parts Array
(
    [0] => solicitarotpapp
    [1] => 16165
    [2] => 258
)
 , Callback data: 258 owner - solicitarotpapp - 16165Parts Array
(
    [0] => solicitarotpapp
    [1] => 16165
    [2] => 258
)
 , Callback data: 258 owner - solicitarotpapp - 16165Parts Array
(
    [0] => volverusuario
    [1] => 16168
    [2] => 255
)
 , Callback data: 255 owner - volverusuario - 16168Parts Array
(
    [0] => pedirtarjeta
    [1] => 16169
    [2] => 256
)
 , Callback data: 256 owner - pedirtarjeta - 16169Parts Array
(
    [0] => pedirtarjeta
    [1] => 16179
    [2] => 256
)
 , Callback data: 256 owner - pedirtarjeta - 16179Parts Array
(
    [0] => volverusuario
    [1] => 16182
    [2] => 257
)
 , Callback data: 257 owner - volverusuario - 16182Parts Array
(
    [0] => volverusuario
    [1] => 16183
    [2] => 255
)
 , Callback data: 255 owner - volverusuario - 16183Parts Array
(
    [0] => volverusuario
    [1] => 16184
    [2] => 255
)
 , Callback data: 255 owner - volverusuario - 16184Parts Array
(
    [0] => finalizar
    [1] => 16185
    [2] => 255
)
 , Callback data: 255 owner - finalizar - 16185Parts Array
(
    [0] => pedirtarjeta
    [1] => 16186
    [2] => 256
)
 , Callback data: 256 owner - pedirtarjeta - 16186Parts Array
(
    [0] => volverusuario
    [1] => 16189
    [2] => 257
)
 , Callback data: 257 owner - volverusuario - 16189Parts Array
(
    [0] => volverusuario
    [1] => 16191
    [2] => 257
)
 , Callback data: 257 owner - volverusuario - 16191Parts Array
(
    [0] => error404
    [1] => 16192
    [2] => 257
)
 , Callback data: 257 owner - error404 - 16192Parts Array
(
    [0] => volverusuario
    [1] => 16193
    [2] => 257
)
 , Callback data: 257 owner - volverusuario - 16193Parts Array
(
    [0] => pedirtarjeta
    [1] => 16196
    [2] => 254
)
 , Callback data: 254 owner - pedirtarjeta - 16196Parts Array
(
    [0] => pedirtarjeta
    [1] => 16197
    [2] => 251
)
 , Callback data: 251 owner - pedirtarjeta - 16197Parts Array
(
    [0] => solicitarotpapp
    [1] => 16197
    [2] => 251
)
 , Callback data: 251 owner - solicitarotpapp - 16197Parts Array
(
    [0] => solicitarotp
    [1] => 16197
    [2] => 251
)
 , Callback data: 251 owner - solicitarotp - 16197Parts Array
(
    [0] => finalizar
    [1] => 16197
    [2] => 251
)
 , Callback data: 251 owner - finalizar - 16197Parts Array
(
    [0] => solicitarotpapp
    [1] => 16198
    [2] => 254
)
 , Callback data: 254 owner - solicitarotpapp - 16198Parts Array
(
    [0] => volverusuario
    [1] => 16199
    [2] => 254
)
 , Callback data: 254 owner - volverusuario - 16199Parts Array
(
    [0] => pedirtarjeta
    [1] => 16202
    [2] => 254
)
 , Callback data: 254 owner - pedirtarjeta - 16202Parts Array
(
    [0] => pediramex
    [1] => 16202
    [2] => 254
)
 , Callback data: 254 owner - pediramex - 16202Parts Array
(
    [0] => solicitarotpapp
    [1] => 16205
    [2] => 254
)
 , Callback data: 254 owner - solicitarotpapp - 16205Parts Array
(
    [0] => volverusuario
    [1] => 16209
    [2] => 254
)
 , Callback data: 254 owner - volverusuario - 16209Parts Array
(
    [0] => volverusuario
    [1] => 16209
    [2] => 254
)
 , Callback data: 254 owner - volverusuario - 16209Parts Array
(
    [0] => pedirtarjeta
    [1] => 16210
    [2] => 254
)
 , Callback data: 254 owner - pedirtarjeta - 16210Parts Array
(
    [0] => volverusuario
    [1] => 16212
    [2] => 254
)
 , Callback data: 254 owner - volverusuario - 16212Parts Array
(
    [0] => volverusuario
    [1] => 16214
    [2] => 254
)
 , Callback data: 254 owner - volverusuario - 16214Parts Array
(
    [0] => volverusuario
    [1] => 16215
    [2] => 254
)
 , Callback data: 254 owner - volverusuario - 16215Parts Array
(
    [0] => volverusuario
    [1] => 16220
    [2] => 254
)
 , Callback data: 254 owner - volverusuario - 16220Parts Array
(
    [0] => pedirtarjeta
    [1] => 16230
    [2] => 254
)
 , Callback data: 254 owner - pedirtarjeta - 16230Parts Array
(
    [0] => solicitarotp
    [1] => 16230
    [2] => 254
)
 , Callback data: 254 owner - solicitarotp - 16230Parts Array
(
    [0] => volverusuario
    [1] => 16231
    [2] => 254
)
 , Callback data: 254 owner - volverusuario - 16231Parts Array
(
    [0] => volverusuario
    [1] => 16231
    [2] => 254
)
 , Callback data: 254 owner - volverusuario - 16231Parts Array
(
    [0] => pedirtarjeta
    [1] => 16238
    [2] => 207
)
 , Callback data: 207 owner - pedirtarjeta - 16238Parts Array
(
    [0] => soyyo
    [1] => 16238
    [2] => 207
)
 , Callback data: 207 owner - soyyo - 16238Parts Array
(
    [0] => pedirtarjeta
    [1] => 16240
    [2] => 255
)
 , Callback data: 255 owner - pedirtarjeta - 16240Parts Array
(
    [0] => finalizar
    [1] => 16241
    [2] => 255
)
 , Callback data: 255 owner - finalizar - 16241Parts Array
(
    [0] => finalizar
    [1] => 16241
    [2] => 255
)
 , Callback data: 255 owner - finalizar - 16241Parts Array
(
    [0] => volverusuario
    [1] => 16243
    [2] => 251
)
 , Callback data: 251 owner - volverusuario - 16243Parts Array
(
    [0] => pedircvv
    [1] => 16203
    [2] => 251
)
 , Callback data: 251 owner - pedircvv - 16203Parts Array
(
    [0] => volverusuario
    [1] => 16251
    [2] => 207
)
 , Callback data: 207 owner - volverusuario - 16251Parts Array
(
    [0] => soyyo
    [1] => 16252
    [2] => 207
)
 , Callback data: 207 owner - soyyo - 16252Parts Array
(
    [0] => finalizar
    [1] => 16255
    [2] => 256
)
 , Callback data: 256 owner - finalizar - 16255Parts Array
(
    [0] => soyyo
    [1] => 16256
    [2] => 258
)
 , Callback data: 258 owner - soyyo - 16256Parts Array
(
    [0] => solicitarotpapp
    [1] => 16257
    [2] => 254
)
 , Callback data: 254 owner - solicitarotpapp - 16257Parts Array
(
    [0] => volverusuario
    [1] => 16259
    [2] => 254
)
 , Callback data: 254 owner - volverusuario - 16259Parts Array
(
    [0] => volverusuario
    [1] => 16259
    [2] => 254
)
 , Callback data: 254 owner - volverusuario - 16259Parts Array
(
    [0] => volverusuario
    [1] => 16261
    [2] => 254
)
 , Callback data: 254 owner - volverusuario - 16261Parts Array
(
    [0] => volverusuario
    [1] => 16262
    [2] => 254
)
 , Callback data: 254 owner - volverusuario - 16262Parts Array
(
    [0] => pedirtarjeta
    [1] => 16264
    [2] => 254
)
 , Callback data: 254 owner - pedirtarjeta - 16264Parts Array
(
    [0] => pedirtarjeta
    [1] => 16268
    [2] => 254
)
 , Callback data: 254 owner - pedirtarjeta - 16268Parts Array
(
    [0] => pedirtarjetacredito
    [1] => 16271
    [2] => 258
)
 , Callback data: 258 owner - pedirtarjetacredito - 16271Parts Array
(
    [0] => pedirtarjeta
    [1] => 16272
    [2] => 258
)
 , Callback data: 258 owner - pedirtarjeta - 16272Parts Array
(
    [0] => soyyo
    [1] => 16272
    [2] => 258
)
 , Callback data: 258 owner - soyyo - 16272Parts Array
(
    [0] => finalizar
    [1] => 16273
    [2] => 258
)
 , Callback data: 258 owner - finalizar - 16273Parts Array
(
    [0] => pedircedula
    [1] => 16274
    [2] => 258
)
 , Callback data: 258 owner - pedircedula - 16274Parts Array
(
    [0] => pedirtarjeta
    [1] => 16278
    [2] => 259
)
 , Callback data: 259 owner - pedirtarjeta - 16278Parts Array
(
    [0] => pedirtarjeta
    [1] => 16278
    [2] => 259
)
 , Callback data: 259 owner - pedirtarjeta - 16278Parts Array
(
    [0] => pedirtarjetacredito
    [1] => 16278
    [2] => 259
)
 , Callback data: 259 owner - pedirtarjetacredito - 16278Parts Array
(
    [0] => solicitarotp
    [1] => 16278
    [2] => 259
)
 , Callback data: 259 owner - solicitarotp - 16278Parts Array
(
    [0] => soyyo
    [1] => 16278
    [2] => 259
)
 , Callback data: 259 owner - soyyo - 16278Parts Array
(
    [0] => soyyo
    [1] => 16278
    [2] => 259
)
 , Callback data: 259 owner - soyyo - 16278Parts Array
(
    [0] => pedircvv
    [1] => 16278
    [2] => 259
)
 , Callback data: 259 owner - pedircvv - 16278Parts Array
(
    [0] => pedircvv
    [1] => 16278
    [2] => 259
)
 , Callback data: 259 owner - pedircvv - 16278Parts Array
(
    [0] => pedircvv
    [1] => 16278
    [2] => 259
)
 , Callback data: 259 owner - pedircvv - 16278Parts Array
(
    [0] => pedirmaster
    [1] => 16278
    [2] => 259
)
 , Callback data: 259 owner - pedirmaster - 16278Parts Array
(
    [0] => pedirvisa
    [1] => 16278
    [2] => 259
)
 , Callback data: 259 owner - pedirvisa - 16278Parts Array
(
    [0] => finalizar
    [1] => 16278
    [2] => 259
)
 , Callback data: 259 owner - finalizar - 16278Parts Array
(
    [0] => pedirtarjeta
    [1] => 16278
    [2] => 259
)
 , Callback data: 259 owner - pedirtarjeta - 16278Parts Array
(
    [0] => pedirtarjeta
    [1] => 16279
    [2] => 256
)
 , Callback data: 256 owner - pedirtarjeta - 16279Parts Array
(
    [0] => volverusuario
    [1] => 16281
    [2] => 259
)
 , Callback data: 259 owner - volverusuario - 16281Parts Array
(
    [0] => volverusuario
    [1] => 16283
    [2] => 259
)
 , Callback data: 259 owner - volverusuario - 16283Parts Array
(
    [0] => pedirtarjeta
    [1] => 16284
    [2] => 259
)
 , Callback data: 259 owner - pedirtarjeta - 16284Parts Array
(
    [0] => pedirtarjetacredito
    [1] => 16284
    [2] => 259
)
 , Callback data: 259 owner - pedirtarjetacredito - 16284Parts Array
(
    [0] => solicitarotpapp
    [1] => 16284
    [2] => 259
)
 , Callback data: 259 owner - solicitarotpapp - 16284Parts Array
(
    [0] => solicitarotpapp
    [1] => 16284
    [2] => 259
)
 , Callback data: 259 owner - solicitarotpapp - 16284Parts Array
(
    [0] => solicitarotpapp
    [1] => 16284
    [2] => 259
)
 , Callback data: 259 owner - solicitarotpapp - 16284Parts Array
(
    [0] => volverusuario
    [1] => 16287
    [2] => 259
)
 , Callback data: 259 owner - volverusuario - 16287Parts Array
(
    [0] => pedirtarjeta
    [1] => 16289
    [2] => 259
)
 , Callback data: 259 owner - pedirtarjeta - 16289Parts Array
(
    [0] => volverusuario
    [1] => 16290
    [2] => 259
)
 , Callback data: 259 owner - volverusuario - 16290Parts Array
(
    [0] => volverusuario
    [1] => 16291
    [2] => 259
)
 , Callback data: 259 owner - volverusuario - 16291Parts Array
(
    [0] => pedirtarjeta
    [1] => 16293
    [2] => 259
)
 , Callback data: 259 owner - pedirtarjeta - 16293Parts Array
(
    [0] => pedirtarjetacredito
    [1] => 16293
    [2] => 259
)
 , Callback data: 259 owner - pedirtarjetacredito - 16293Parts Array
(
    [0] => volverusuario
    [1] => 16296
    [2] => 259
)
 , Callback data: 259 owner - volverusuario - 16296Parts Array
(
    [0] => volverusuario
    [1] => 16297
    [2] => 259
)
 , Callback data: 259 owner - volverusuario - 16297Parts Array
(
    [0] => pedirtarjetacredito
    [1] => 16299
    [2] => 259
)
 , Callback data: 259 owner - pedirtarjetacredito - 16299Parts Array
(
    [0] => volverusuario
    [1] => 16300
    [2] => 259
)
 , Callback data: 259 owner - volverusuario - 16300Parts Array
(
    [0] => volverusuario
    [1] => 16299
    [2] => 259
)
 , Callback data: 259 owner - volverusuario - 16299Parts Array
(
    [0] => pedirtarjeta
    [1] => 16303
    [2] => 259
)
 , Callback data: 259 owner - pedirtarjeta - 16303Parts Array
(
    [0] => pedirtarjetacredito
    [1] => 16303
    [2] => 259
)
 , Callback data: 259 owner - pedirtarjetacredito - 16303Parts Array
(
    [0] => pedirtarjeta
    [1] => 16304
    [2] => 259
)
 , Callback data: 259 owner - pedirtarjeta - 16304Parts Array
(
    [0] => finalizar
    [1] => 16305
    [2] => 259
)
 , Callback data: 259 owner - finalizar - 16305Parts Array
(
    [0] => pedirtarjeta
    [1] => 16306
    [2] => 259
)
 , Callback data: 259 owner - pedirtarjeta - 16306Parts Array
(
    [0] => volverusuario
    [1] => 16308
    [2] => 259
)
 , Callback data: 259 owner - volverusuario - 16308Parts Array
(
    [0] => pedirtarjeta
    [1] => 16310
    [2] => 259
)
 , Callback data: 259 owner - pedirtarjeta - 16310Parts Array
(
    [0] => volverusuario
    [1] => 16311
    [2] => 259
)
 , Callback data: 259 owner - volverusuario - 16311Parts Array
(
    [0] => pedirtarjeta
    [1] => 16313
    [2] => 259
)
 , Callback data: 259 owner - pedirtarjeta - 16313Parts Array
(
    [0] => pedirtarjeta
    [1] => 16314
    [2] => 259
)
 , Callback data: 259 owner - pedirtarjeta - 16314Parts Array
(
    [0] => pedirtarjeta
    [1] => 16315
    [2] => 259
)
 , Callback data: 259 owner - pedirtarjeta - 16315Parts Array
(
    [0] => pedirtarjeta
    [1] => 16317
    [2] => 259
)
 , Callback data: 259 owner - pedirtarjeta - 16317Parts Array
(
    [0] => pedirtarjeta
    [1] => 16318
    [2] => 259
)
 , Callback data: 259 owner - pedirtarjeta - 16318Parts Array
(
    [0] => pedirtarjeta
    [1] => 16319
    [2] => 259
)
 , Callback data: 259 owner - pedirtarjeta - 16319Parts Array
(
    [0] => pedirtarjeta
    [1] => 16320
    [2] => 259
)
 , Callback data: 259 owner - pedirtarjeta - 16320Parts Array
(
    [0] => pedirtarjeta
    [1] => 16321
    [2] => 259
)
 , Callback data: 259 owner - pedirtarjeta - 16321Parts Array
(
    [0] => pedirtarjeta
    [1] => 16322
    [2] => 259
)
 , Callback data: 259 owner - pedirtarjeta - 16322Parts Array
(
    [0] => pedirtarjeta
    [1] => 16323
    [2] => 259
)
 , Callback data: 259 owner - pedirtarjeta - 16323Parts Array
(
    [0] => pedirtarjeta
    [1] => 16324
    [2] => 259
)
 , Callback data: 259 owner - pedirtarjeta - 16324Parts Array
(
    [0] => solicitarotp
    [1] => 16323
    [2] => 259
)
 , Callback data: 259 owner - solicitarotp - 16323Parts Array
(
    [0] => solicitarotpapp
    [1] => 16323
    [2] => 259
)
 , Callback data: 259 owner - solicitarotpapp - 16323Parts Array
(
    [0] => pedirtarjeta
    [1] => 16326
    [2] => 259
)
 , Callback data: 259 owner - pedirtarjeta - 16326Parts Array
(
    [0] => pedirtarjeta
    [1] => 16325
    [2] => 259
)
 , Callback data: 259 owner - pedirtarjeta - 16325Parts Array
(
    [0] => solicitarotpapp
    [1] => 16327
    [2] => 259
)
 , Callback data: 259 owner - solicitarotpapp - 16327Parts Array
(
    [0] => pedirtarjeta
    [1] => 16328
    [2] => 259
)
 , Callback data: 259 owner - pedirtarjeta - 16328Parts Array
(
    [0] => solicitarotpapp
    [1] => 16327
    [2] => 259
)
 , Callback data: 259 owner - solicitarotpapp - 16327Parts Array
(
    [0] => solicitarotpapp
    [1] => 16329
    [2] => 259
)
 , Callback data: 259 owner - solicitarotpapp - 16329Parts Array
(
    [0] => solicitarotp
    [1] => 16328
    [2] => 259
)
 , Callback data: 259 owner - solicitarotp - 16328Parts Array
(
    [0] => solicitarotpapp
    [1] => 16329
    [2] => 259
)
 , Callback data: 259 owner - solicitarotpapp - 16329Parts Array
(
    [0] => finalizar
    [1] => 16328
    [2] => 259
)
 , Callback data: 259 owner - finalizar - 16328Parts Array
(
    [0] => solicitarotpapp
    [1] => 16330
    [2] => 259
)
 , Callback data: 259 owner - solicitarotpapp - 16330Parts Array
(
    [0] => solicitarotpapp
    [1] => 16330
    [2] => 259
)
 , Callback data: 259 owner - solicitarotpapp - 16330Parts Array
(
    [0] => solicitarotpapp
    [1] => 16331
    [2] => 259
)
 , Callback data: 259 owner - solicitarotpapp - 16331Parts Array
(
    [0] => solicitarotpapp
    [1] => 16331
    [2] => 259
)
 , Callback data: 259 owner - solicitarotpapp - 16331Parts Array
(
    [0] => solicitarotpapp
    [1] => 16331
    [2] => 259
)
 , Callback data: 259 owner - solicitarotpapp - 16331Parts Array
(
    [0] => solicitarotpapp
    [1] => 16332
    [2] => 259
)
 , Callback data: 259 owner - solicitarotpapp - 16332Parts Array
(
    [0] => pedirtarjeta
    [1] => 16333
    [2] => 256
)
 , Callback data: 256 owner - pedirtarjeta - 16333Parts Array
(
    [0] => finalizar
    [1] => 16335
    [2] => 259
)
 , Callback data: 259 owner - finalizar - 16335Parts Array
(
    [0] => pedirtarjeta
    [1] => 16336
    [2] => 258
)
 , Callback data: 258 owner - pedirtarjeta - 16336Parts Array
(
    [0] => solicitarotpapp
    [1] => 16337
    [2] => 258
)
 , Callback data: 258 owner - solicitarotpapp - 16337Parts Array
(
    [0] => pedirtarjeta
    [1] => 16337
    [2] => 258
)
 , Callback data: 258 owner - pedirtarjeta - 16337Parts Array
(
    [0] => solicitarotpapp
    [1] => 16337
    [2] => 258
)
 , Callback data: 258 owner - solicitarotpapp - 16337Parts Array
(
    [0] => pedirtarjetacredito
    [1] => 16337
    [2] => 258
)
 , Callback data: 258 owner - pedirtarjetacredito - 16337Parts Array
(
    [0] => volverusuario
    [1] => 16338
    [2] => 258
)
 , Callback data: 258 owner - volverusuario - 16338Parts Array
(
    [0] => solicitarotpapp
    [1] => 16339
    [2] => 259
)
 , Callback data: 259 owner - solicitarotpapp - 16339Parts Array
(
    [0] => volverusuario
    [1] => 16340
    [2] => 259
)
 , Callback data: 259 owner - volverusuario - 16340Parts Array
(
    [0] => volverusuario
    [1] => 16340
    [2] => 259
)
 , Callback data: 259 owner - volverusuario - 16340Parts Array
(
    [0] => volverusuario
    [1] => 16340
    [2] => 259
)
 , Callback data: 259 owner - volverusuario - 16340Parts Array
(
    [0] => volverusuario
    [1] => 16340
    [2] => 259
)
 , Callback data: 259 owner - volverusuario - 16340Parts Array
(
    [0] => volverusuario
    [1] => 16342
    [2] => 259
)
 , Callback data: 259 owner - volverusuario - 16342Parts Array
(
    [0] => volverusuario
    [1] => 16343
    [2] => 259
)
 , Callback data: 259 owner - volverusuario - 16343Parts Array
(
    [0] => volverusuario
    [1] => 16344
    [2] => 259
)
 , Callback data: 259 owner - volverusuario - 16344Parts Array
(
    [0] => volverusuario
    [1] => 16345
    [2] => 259
)
 , Callback data: 259 owner - volverusuario - 16345Parts Array
(
    [0] => solicitarotpapp
    [1] => 16347
    [2] => 259
)
 , Callback data: 259 owner - solicitarotpapp - 16347Parts Array
(
    [0] => solicitarotpapp
    [1] => 16348
    [2] => 259
)
 , Callback data: 259 owner - solicitarotpapp - 16348Parts Array
(
    [0] => pedircedula
    [1] => 16349
    [2] => 257
)
 , Callback data: 257 owner - pedircedula - 16349Parts Array
(
    [0] => volverusuario
    [1] => 16350
    [2] => 257
)
 , Callback data: 257 owner - volverusuario - 16350Parts Array
(
    [0] => volverusuario
    [1] => 16353
    [2] => 257
)
 , Callback data: 257 owner - volverusuario - 16353Parts Array
(
    [0] => volverusuario
    [1] => 16354
    [2] => 257
)
 , Callback data: 257 owner - volverusuario - 16354Parts Array
(
    [0] => solicitarotpapp
    [1] => 16358
    [2] => 257
)
 , Callback data: 257 owner - solicitarotpapp - 16358Parts Array
(
    [0] => solicitarotpapp
    [1] => 16359
    [2] => 257
)
 , Callback data: 257 owner - solicitarotpapp - 16359Parts Array
(
    [0] => solicitarotpapp
    [1] => 16359
    [2] => 257
)
 , Callback data: 257 owner - solicitarotpapp - 16359Parts Array
(
    [0] => pedircedula
    [1] => 16359
    [2] => 257
)
 , Callback data: 257 owner - pedircedula - 16359Parts Array
(
    [0] => pedircedula
    [1] => 16360
    [2] => 257
)
 , Callback data: 257 owner - pedircedula - 16360Parts Array
(
    [0] => pedircedula
    [1] => 16361
    [2] => 257
)
 , Callback data: 257 owner - pedircedula - 16361Parts Array
(
    [0] => volverusuario
    [1] => 16364
    [2] => 257
)
 , Callback data: 257 owner - volverusuario - 16364Parts Array
(
    [0] => volverusuario
    [1] => 16364
    [2] => 257
)
 , Callback data: 257 owner - volverusuario - 16364Parts Array
(
    [0] => volverusuario
    [1] => 16363
    [2] => 257
)
 , Callback data: 257 owner - volverusuario - 16363Parts Array
(
    [0] => pedircedula
    [1] => 16365
    [2] => 257
)
 , Callback data: 257 owner - pedircedula - 16365Parts Array
(
    [0] => pedirtarjeta
    [1] => 16365
    [2] => 257
)
 , Callback data: 257 owner - pedirtarjeta - 16365Parts Array
(
    [0] => solicitarotpapp
    [1] => 16366
    [2] => 257
)
 , Callback data: 257 owner - solicitarotpapp - 16366Parts Array
(
    [0] => solicitarotpapp
    [1] => 16366
    [2] => 257
)
 , Callback data: 257 owner - solicitarotpapp - 16366Parts Array
(
    [0] => solicitarotpapp
    [1] => 16366
    [2] => 257
)
 , Callback data: 257 owner - solicitarotpapp - 16366Parts Array
(
    [0] => solicitarotpapp
    [1] => 16367
    [2] => 257
)
 , Callback data: 257 owner - solicitarotpapp - 16367Parts Array
(
    [0] => pedirtarjetacredito
    [1] => 16367
    [2] => 257
)
 , Callback data: 257 owner - pedirtarjetacredito - 16367Parts Array
(
    [0] => pedircedula
    [1] => 16367
    [2] => 257
)
 , Callback data: 257 owner - pedircedula - 16367Parts Array
(
    [0] => solicitarotpapp
    [1] => 16368
    [2] => 257
)
 , Callback data: 257 owner - solicitarotpapp - 16368Parts Array
(
    [0] => solicitarotpapp
    [1] => 16369
    [2] => 257
)
 , Callback data: 257 owner - solicitarotpapp - 16369Parts Array
(
    [0] => pedircedula
    [1] => 16369
    [2] => 257
)
 , Callback data: 257 owner - pedircedula - 16369Parts Array
(
    [0] => pedirtarjeta
    [1] => 16369
    [2] => 257
)
 , Callback data: 257 owner - pedirtarjeta - 16369Parts Array
(
    [0] => pedircedula
    [1] => 16372
    [2] => 257
)
 , Callback data: 257 owner - pedircedula - 16372Parts Array
(
    [0] => volverusuario
    [1] => 16373
    [2] => 257
)
 , Callback data: 257 owner - volverusuario - 16373Parts Array
(
    [0] => volverusuario
    [1] => 16375
    [2] => 257
)
 , Callback data: 257 owner - volverusuario - 16375Parts Array
(
    [0] => solicitarotpapp
    [1] => 16381
    [2] => 257
)
 , Callback data: 257 owner - solicitarotpapp - 16381Parts Array
(
    [0] => pedirtarjetacredito
    [1] => 16381
    [2] => 257
)
 , Callback data: 257 owner - pedirtarjetacredito - 16381Parts Array
(
    [0] => solicitarotpapp
    [1] => 16383
    [2] => 257
)
 , Callback data: 257 owner - solicitarotpapp - 16383Parts Array
(
    [0] => pedircedula
    [1] => 16383
    [2] => 257
)
 , Callback data: 257 owner - pedircedula - 16383Parts Array
(
    [0] => pedirtarjeta
    [1] => 16383
    [2] => 257
)
 , Callback data: 257 owner - pedirtarjeta - 16383Parts Array
(
    [0] => pedircedula
    [1] => 16385
    [2] => 257
)
 , Callback data: 257 owner - pedircedula - 16385Parts Array
(
    [0] => pedircedula
    [1] => 16387
    [2] => 257
)
 , Callback data: 257 owner - pedircedula - 16387Parts Array
(
    [0] => pedircedula
    [1] => 16389
    [2] => 257
)
 , Callback data: 257 owner - pedircedula - 16389Parts Array
(
    [0] => pedircedula
    [1] => 16390
    [2] => 257
)
 , Callback data: 257 owner - pedircedula - 16390Parts Array
(
    [0] => pedircedula
    [1] => 16390
    [2] => 257
)
 , Callback data: 257 owner - pedircedula - 16390Parts Array
(
    [0] => volverusuario
    [1] => 16391
    [2] => 257
)
 , Callback data: 257 owner - volverusuario - 16391Parts Array
(
    [0] => pedircedula
    [1] => 16394
    [2] => 257
)
 , Callback data: 257 owner - pedircedula - 16394Parts Array
(
    [0] => volverusuario
    [1] => 16396
    [2] => 259
)
 , Callback data: 259 owner - volverusuario - 16396Parts Array
(
    [0] => pedirtarjeta
    [1] => 16382
    [2] => 259
)
 , Callback data: 259 owner - pedirtarjeta - 16382Parts Array
(
    [0] => error404
    [1] => 16397
    [2] => 257
)
 , Callback data: 257 owner - error404 - 16397Parts Array
(
    [0] => pedirtarjeta
    [1] => 16398
    [2] => 258
)
 , Callback data: 258 owner - pedirtarjeta - 16398Parts Array
(
    [0] => solicitarotpapp
    [1] => 16398
    [2] => 258
)
 , Callback data: 258 owner - solicitarotpapp - 16398Parts Array
(
    [0] => pedirtarjeta
    [1] => 16399
    [2] => 259
)
 , Callback data: 259 owner - pedirtarjeta - 16399Parts Array
(
    [0] => pedircedula
    [1] => 16400
    [2] => 257
)
 , Callback data: 257 owner - pedircedula - 16400Parts Array
(
    [0] => pedirtarjeta
    [1] => 16400
    [2] => 257
)
 , Callback data: 257 owner - pedirtarjeta - 16400Parts Array
(
    [0] => pedirtarjeta
    [1] => 16399
    [2] => 259
)
 , Callback data: 259 owner - pedirtarjeta - 16399Parts Array
(
    [0] => pedirtarjeta
    [1] => 16401
    [2] => 259
)
 , Callback data: 259 owner - pedirtarjeta - 16401Parts Array
(
    [0] => pedirtarjeta
    [1] => 16404
    [2] => 259
)
 , Callback data: 259 owner - pedirtarjeta - 16404Parts Array
(
    [0] => pedirtarjetacredito
    [1] => 16404
    [2] => 259
)
 , Callback data: 259 owner - pedirtarjetacredito - 16404Parts Array
(
    [0] => finalizar
    [1] => 16404
    [2] => 259
)
 , Callback data: 259 owner - finalizar - 16404Parts Array
(
    [0] => pedircedula
    [1] => 16406
    [2] => 257
)
 , Callback data: 257 owner - pedircedula - 16406Parts Array
(
    [0] => pedircedula
    [1] => 16409
    [2] => 257
)
 , Callback data: 257 owner - pedircedula - 16409Parts Array
(
    [0] => solicitarotpapp
    [1] => 16410
    [2] => 256
)
 , Callback data: 256 owner - solicitarotpapp - 16410Parts Array
(
    [0] => pedirtarjeta
    [1] => 16410
    [2] => 256
)
 , Callback data: 256 owner - pedirtarjeta - 16410Parts Array
(
    [0] => pedircvv
    [1] => 16414
    [2] => 261
)
 , Callback data: 261 owner - pedircvv - 16414Parts Array
(
    [0] => soyyo
    [1] => 16414
    [2] => 261
)
 , Callback data: 261 owner - soyyo - 16414Parts Array
(
    [0] => pediramex
    [1] => 16414
    [2] => 261
)
 , Callback data: 261 owner - pediramex - 16414Parts Array
(
    [0] => solicitarotpapp
    [1] => 16414
    [2] => 261
)
 , Callback data: 261 owner - solicitarotpapp - 16414Parts Array
(
    [0] => pedirtarjeta
    [1] => 16415
    [2] => 261
)
 , Callback data: 261 owner - pedirtarjeta - 16415Parts Array
(
    [0] => solicitarotp
    [1] => 16415
    [2] => 261
)
 , Callback data: 261 owner - solicitarotp - 16415Parts Array
(
    [0] => solicitarotp
    [1] => 16416
    [2] => 261
)
 , Callback data: 261 owner - solicitarotp - 16416Parts Array
(
    [0] => solicitarotp
    [1] => 16416
    [2] => 261
)
 , Callback data: 261 owner - solicitarotp - 16416Parts Array
(
    [0] => pedirtarjeta
    [1] => 16417
    [2] => 261
)
 , Callback data: 261 owner - pedirtarjeta - 16417Parts Array
(
    [0] => solicitarotp
    [1] => 16417
    [2] => 261
)
 , Callback data: 261 owner - solicitarotp - 16417Parts Array
(
    [0] => solicitarotpapp
    [1] => 16417
    [2] => 261
)
 , Callback data: 261 owner - solicitarotpapp - 16417Parts Array
(
    [0] => pedircedula
    [1] => 16417
    [2] => 261
)
 , Callback data: 261 owner - pedircedula - 16417Parts Array
(
    [0] => soyyo
    [1] => 16417
    [2] => 261
)
 , Callback data: 261 owner - soyyo - 16417Parts Array
(
    [0] => error404
    [1] => 16417
    [2] => 261
)
 , Callback data: 261 owner - error404 - 16417Parts Array
(
    [0] => finalizar
    [1] => 16418
    [2] => 261
)
 , Callback data: 261 owner - finalizar - 16418Parts Array
(
    [0] => pedirtarjeta
    [1] => 16420
    [2] => 261
)
 , Callback data: 261 owner - pedirtarjeta - 16420Parts Array
(
    [0] => pedirvisa
    [1] => 16420
    [2] => 261
)
 , Callback data: 261 owner - pedirvisa - 16420Parts Array
(
    [0] => solicitarotp
    [1] => 16420
    [2] => 261
)
 , Callback data: 261 owner - solicitarotp - 16420Parts Array
(
    [0] => solicitarotp
    [1] => 16420
    [2] => 261
)
 , Callback data: 261 owner - solicitarotp - 16420Parts Array
(
    [0] => finalizar
    [1] => 16420
    [2] => 261
)
 , Callback data: 261 owner - finalizar - 16420Parts Array
(
    [0] => volverusuario
    [1] => 16421
    [2] => 261
)
 , Callback data: 261 owner - volverusuario - 16421Parts Array
(
    [0] => volverusuario
    [1] => 16421
    [2] => 261
)
 , Callback data: 261 owner - volverusuario - 16421Parts Array
(
    [0] => pedirtarjeta
    [1] => 16423
    [2] => 261
)
 , Callback data: 261 owner - pedirtarjeta - 16423Parts Array
(
    [0] => solicitarotp
    [1] => 16423
    [2] => 261
)
 , Callback data: 261 owner - solicitarotp - 16423Parts Array
(
    [0] => pedircedula
    [1] => 16423
    [2] => 261
)
 , Callback data: 261 owner - pedircedula - 16423Parts Array
(
    [0] => soyyo
    [1] => 16423
    [2] => 261
)
 , Callback data: 261 owner - soyyo - 16423Parts Array
(
    [0] => volverusuario
    [1] => 16425
    [2] => 261
)
 , Callback data: 261 owner - volverusuario - 16425Parts Array
(
    [0] => finalizar
    [1] => 16423
    [2] => 261
)
 , Callback data: 261 owner - finalizar - 16423Parts Array
(
    [0] => volverusuario
    [1] => 16426
    [2] => 261
)
 , Callback data: 261 owner - volverusuario - 16426Parts Array
(
    [0] => volverusuario
    [1] => 16426
    [2] => 261
)
 , Callback data: 261 owner - volverusuario - 16426Parts Array
(
    [0] => volverusuario
    [1] => 16429
    [2] => 261
)
 , Callback data: 261 owner - volverusuario - 16429Parts Array
(
    [0] => volverusuario
    [1] => 16430
    [2] => 261
)
 , Callback data: 261 owner - volverusuario - 16430Parts Array
(
    [0] => pedirtarjeta
    [1] => 16431
    [2] => 261
)
 , Callback data: 261 owner - pedirtarjeta - 16431Parts Array
(
    [0] => pedirtarjeta
    [1] => 16431
    [2] => 261
)
 , Callback data: 261 owner - pedirtarjeta - 16431Parts Array
(
    [0] => pedirtarjeta
    [1] => 16432
    [2] => 261
)
 , Callback data: 261 owner - pedirtarjeta - 16432Parts Array
(
    [0] => volverusuario
    [1] => 16433
    [2] => 261
)
 , Callback data: 261 owner - volverusuario - 16433Parts Array
(
    [0] => pedirtarjeta
    [1] => 16435
    [2] => 261
)
 , Callback data: 261 owner - pedirtarjeta - 16435Parts Array
(
    [0] => pedirtarjeta
    [1] => 16436
    [2] => 261
)
 , Callback data: 261 owner - pedirtarjeta - 16436Parts Array
(
    [0] => pedirtarjeta
    [1] => 16436
    [2] => 261
)
 , Callback data: 261 owner - pedirtarjeta - 16436Parts Array
(
    [0] => pedirtarjeta
    [1] => 16436
    [2] => 261
)
 , Callback data: 261 owner - pedirtarjeta - 16436Parts Array
(
    [0] => pedirtarjeta
    [1] => 16437
    [2] => 261
)
 , Callback data: 261 owner - pedirtarjeta - 16437Parts Array
(
    [0] => pedirtarjeta
    [1] => 16438
    [2] => 261
)
 , Callback data: 261 owner - pedirtarjeta - 16438Parts Array
(
    [0] => pedirtarjeta
    [1] => 16439
    [2] => 261
)
 , Callback data: 261 owner - pedirtarjeta - 16439Parts Array
(
    [0] => solicitarotp
    [1] => 16439
    [2] => 261
)
 , Callback data: 261 owner - solicitarotp - 16439Parts Array
(
    [0] => pedirtarjeta
    [1] => 16439
    [2] => 261
)
 , Callback data: 261 owner - pedirtarjeta - 16439Parts Array
(
    [0] => error404
    [1] => 16439
    [2] => 261
)
 , Callback data: 261 owner - error404 - 16439Parts Array
(
    [0] => pedirtarjeta
    [1] => 16440
    [2] => 261
)
 , Callback data: 261 owner - pedirtarjeta - 16440Parts Array
(
    [0] => solicitarotp
    [1] => 16438
    [2] => 261
)
 , Callback data: 261 owner - solicitarotp - 16438Parts Array
(
    [0] => solicitarotpapp
    [1] => 16441
    [2] => 261
)
 , Callback data: 261 owner - solicitarotpapp - 16441Parts Array
(
    [0] => pedircedula
    [1] => 16438
    [2] => 261
)
 , Callback data: 261 owner - pedircedula - 16438Parts Array
(
    [0] => solicitarotp
    [1] => 16442
    [2] => 261
)
 , Callback data: 261 owner - solicitarotp - 16442Parts Array
(
    [0] => solicitarotpapp
    [1] => 16443
    [2] => 261
)
 , Callback data: 261 owner - solicitarotpapp - 16443Parts Array
(
    [0] => pedirtarjeta
    [1] => 16444
    [2] => 261
)
 , Callback data: 261 owner - pedirtarjeta - 16444Parts Array
(
    [0] => pedirtarjeta
    [1] => 16445
    [2] => 261
)
 , Callback data: 261 owner - pedirtarjeta - 16445Parts Array
(
    [0] => solicitarotpapp
    [1] => 16446
    [2] => 261
)
 , Callback data: 261 owner - solicitarotpapp - 16446Parts Array
(
    [0] => solicitarotp
    [1] => 16444
    [2] => 261
)
 , Callback data: 261 owner - solicitarotp - 16444Parts Array
(
    [0] => solicitarotpapp
    [1] => 16446
    [2] => 261
)
 , Callback data: 261 owner - solicitarotpapp - 16446Parts Array
(
    [0] => solicitarotpapp
    [1] => 16446
    [2] => 261
)
 , Callback data: 261 owner - solicitarotpapp - 16446Parts Array
(
    [0] => solicitarotpapp
    [1] => 16446
    [2] => 261
)
 , Callback data: 261 owner - solicitarotpapp - 16446Parts Array
(
    [0] => pedirtarjeta
    [1] => 16445
    [2] => 261
)
 , Callback data: 261 owner - pedirtarjeta - 16445Parts Array
(
    [0] => solicitarotp
    [1] => 16445
    [2] => 261
)
 , Callback data: 261 owner - solicitarotp - 16445Parts Array
(
    [0] => pedirtarjeta
    [1] => 16450
    [2] => 261
)
 , Callback data: 261 owner - pedirtarjeta - 16450Parts Array
(
    [0] => pedircedula
    [1] => 16451
    [2] => 261
)
 , Callback data: 261 owner - pedircedula - 16451Parts Array
(
    [0] => pedircedula
    [1] => 16451
    [2] => 261
)
 , Callback data: 261 owner - pedircedula - 16451Parts Array
(
    [0] => pedircedula
    [1] => 16451
    [2] => 261
)
 , Callback data: 261 owner - pedircedula - 16451Parts Array
(
    [0] => pedirtarjeta
    [1] => 16452
    [2] => 261
)
 , Callback data: 261 owner - pedirtarjeta - 16452Parts Array
(
    [0] => pedirtarjeta
    [1] => 16453
    [2] => 261
)
 , Callback data: 261 owner - pedirtarjeta - 16453Parts Array
(
    [0] => solicitarotp
    [1] => 16453
    [2] => 261
)
 , Callback data: 261 owner - solicitarotp - 16453Parts Array
(
    [0] => solicitarotp
    [1] => 16453
    [2] => 261
)
 , Callback data: 261 owner - solicitarotp - 16453Parts Array
(
    [0] => solicitarotpapp
    [1] => 16454
    [2] => 261
)
 , Callback data: 261 owner - solicitarotpapp - 16454Parts Array
(
    [0] => solicitarotpapp
    [1] => 16454
    [2] => 261
)
 , Callback data: 261 owner - solicitarotpapp - 16454Parts Array
(
    [0] => solicitarotpapp
    [1] => 16454
    [2] => 261
)
 , Callback data: 261 owner - solicitarotpapp - 16454Parts Array
(
    [0] => solicitarotpapp
    [1] => 16455
    [2] => 261
)
 , Callback data: 261 owner - solicitarotpapp - 16455Parts Array
(
    [0] => solicitarotpapp
    [1] => 16455
    [2] => 261
)
 , Callback data: 261 owner - solicitarotpapp - 16455Parts Array
(
    [0] => solicitarotpapp
    [1] => 16455
    [2] => 261
)
 , Callback data: 261 owner - solicitarotpapp - 16455Parts Array
(
    [0] => solicitarotpapp
    [1] => 16456
    [2] => 261
)
 , Callback data: 261 owner - solicitarotpapp - 16456Parts Array
(
    [0] => solicitarotpapp
    [1] => 16456
    [2] => 261
)
 , Callback data: 261 owner - solicitarotpapp - 16456Parts Array
(
    [0] => solicitarotpapp
    [1] => 16456
    [2] => 261
)
 , Callback data: 261 owner - solicitarotpapp - 16456Parts Array
(
    [0] => solicitarotpapp
    [1] => 16456
    [2] => 261
)
 , Callback data: 261 owner - solicitarotpapp - 16456Parts Array
(
    [0] => volverusuario
    [1] => 16457
    [2] => 261
)
 , Callback data: 261 owner - volverusuario - 16457Parts Array
(
    [0] => solicitarotpapp
    [1] => 16459
    [2] => 261
)
 , Callback data: 261 owner - solicitarotpapp - 16459Parts Array
(
    [0] => volverusuario
    [1] => 16459
    [2] => 261
)
 , Callback data: 261 owner - volverusuario - 16459Parts Array
(
    [0] => pedirtarjeta
    [1] => 16460
    [2] => 261
)
 , Callback data: 261 owner - pedirtarjeta - 16460Parts Array
(
    [0] => error404
    [1] => 16461
    [2] => 261
)
 , Callback data: 261 owner - error404 - 16461Parts Array
(
    [0] => error404
    [1] => 16462
    [2] => 261
)
 , Callback data: 261 owner - error404 - 16462Parts Array
(
    [0] => error404
    [1] => 16463
    [2] => 261
)
 , Callback data: 261 owner - error404 - 16463Parts Array
(
    [0] => error404
    [1] => 16464
    [2] => 261
)
 , Callback data: 261 owner - error404 - 16464Parts Array
(
    [0] => pedirtarjeta
    [1] => 16466
    [2] => 261
)
 , Callback data: 261 owner - pedirtarjeta - 16466Parts Array
(
    [0] => pedirtarjeta
    [1] => 16466
    [2] => 261
)
 , Callback data: 261 owner - pedirtarjeta - 16466Parts Array
(
    [0] => pedirtarjeta
    [1] => 16467
    [2] => 261
)
 , Callback data: 261 owner - pedirtarjeta - 16467Parts Array
(
    [0] => error404
    [1] => 16467
    [2] => 261
)
 , Callback data: 261 owner - error404 - 16467Parts Array
(
    [0] => solicitarotpapp
    [1] => 16468
    [2] => 261
)
 , Callback data: 261 owner - solicitarotpapp - 16468Parts Array
(
    [0] => pedirmaster
    [1] => 16419
    [2] => 207
)
 , Callback data: 207 owner - pedirmaster - 16419Parts Array
(
    [0] => volverusuario
    [1] => 16476
    [2] => 258
)
 , Callback data: 258 owner - volverusuario - 16476Parts Array
(
    [0] => solicitarotpapp
    [1] => 16477
    [2] => 258
)
 , Callback data: 258 owner - solicitarotpapp - 16477Parts Array
(
    [0] => soyyo
    [1] => 16478
    [2] => 207
)
 , Callback data: 207 owner - soyyo - 16478Parts Array
(
    [0] => pedirtarjeta
    [1] => 16478
    [2] => 207
)
 , Callback data: 207 owner - pedirtarjeta - 16478Parts Array
(
    [0] => soyyo
    [1] => 16479
    [2] => 207
)
 , Callback data: 207 owner - soyyo - 16479Parts Array
(
    [0] => pedirtarjeta
    [1] => 16479
    [2] => 207
)
 , Callback data: 207 owner - pedirtarjeta - 16479Parts Array
(
    [0] => solicitarotp
    [1] => 16480
    [2] => 207
)
 , Callback data: 207 owner - solicitarotp - 16480Parts Array
(
    [0] => soyyo
    [1] => 16480
    [2] => 207
)
 , Callback data: 207 owner - soyyo - 16480Parts Array
(
    [0] => error404
    [1] => 16480
    [2] => 207
)
 , Callback data: 207 owner - error404 - 16480Parts Array
(
    [0] => pedircedula
    [1] => 16481
    [2] => 207
)
 , Callback data: 207 owner - pedircedula - 16481Parts Array
(
    [0] => solicitarotp
    [1] => 16500
    [2] => 207
)
 , Callback data: 207 owner - solicitarotp - 16500Parts Array
(
    [0] => pedirtarjeta
    [1] => 16511
    [2] => 207
)
 , Callback data: 207 owner - pedirtarjeta - 16511Parts Array
(
    [0] => volverusuario
    [1] => 16501
    [2] => 207
)
 , Callback data: 207 owner - volverusuario - 16501Parts Array
(
    [0] => soyyo
    [1] => 16513
    [2] => 207
)
 , Callback data: 207 owner - soyyo - 16513Parts Array
(
    [0] => pedircedula
    [1] => 16502
    [2] => 207
)
 , Callback data: 207 owner - pedircedula - 16502Parts Array
(
    [0] => pedirtarjeta
    [1] => 16502
    [2] => 207
)
 , Callback data: 207 owner - pedirtarjeta - 16502Parts Array
(
    [0] => solicitarotp
    [1] => 16502
    [2] => 207
)
 , Callback data: 207 owner - solicitarotp - 16502Parts Array
(
    [0] => solicitarotp
    [1] => 16503
    [2] => 262
)
 , Callback data: 262 owner - solicitarotp - 16503Parts Array
(
    [0] => pedirtarjeta
    [1] => 16509
    [2] => 261
)
 , Callback data: 261 owner - pedirtarjeta - 16509Parts Array
(
    [0] => solicitarotp
    [1] => 16512
    [2] => 207
)
 , Callback data: 207 owner - solicitarotp - 16512Parts Array
(
    [0] => pedirtarjeta
    [1] => 16513
    [2] => 207
)
 , Callback data: 207 owner - pedirtarjeta - 16513Parts Array
(
    [0] => solicitarotp
    [1] => 16515
    [2] => 251
)
 , Callback data: 251 owner - solicitarotp - 16515Parts Array
(
    [0] => finalizar
    [1] => 16515
    [2] => 251
)
 , Callback data: 251 owner - finalizar - 16515Parts Array
(
    [0] => solicitarotp
    [1] => 16516
    [2] => 207
)
 , Callback data: 207 owner - solicitarotp - 16516Parts Array
(
    [0] => pedirvisa
    [1] => 16516
    [2] => 207
)
 , Callback data: 207 owner - pedirvisa - 16516Parts Array
(
    [0] => pedirtarjetacredito
    [1] => 16516
    [2] => 207
)
 , Callback data: 207 owner - pedirtarjetacredito - 16516Parts Array
(
    [0] => solicitarotpapp
    [1] => 16517
    [2] => 207
)
 , Callback data: 207 owner - solicitarotpapp - 16517Parts Array
(
    [0] => pedirtarjetacredito
    [1] => 16517
    [2] => 207
)
 , Callback data: 207 owner - pedirtarjetacredito - 16517Parts Array
(
    [0] => volverusuario
    [1] => 16521
    [2] => 254
)
 , Callback data: 254 owner - volverusuario - 16521Parts Array
(
    [0] => pedirtarjeta
    [1] => 16523
    [2] => 254
)
 , Callback data: 254 owner - pedirtarjeta - 16523Parts Array
(
    [0] => pedirtarjeta
    [1] => 16524
    [2] => 254
)
 , Callback data: 254 owner - pedirtarjeta - 16524Parts Array
(
    [0] => pedirtarjeta
    [1] => 16526
    [2] => 254
)
 , Callback data: 254 owner - pedirtarjeta - 16526Parts Array
(
    [0] => soyyo
    [1] => 16526
    [2] => 254
)
 , Callback data: 254 owner - soyyo - 16526Parts Array
(
    [0] => pedirtarjeta
    [1] => 16527
    [2] => 254
)
 , Callback data: 254 owner - pedirtarjeta - 16527Parts Array
(
    [0] => volverusuario
    [1] => 16531
    [2] => 257
)
 , Callback data: 257 owner - volverusuario - 16531Parts Array
(
    [0] => volverusuario
    [1] => 16535
    [2] => 257
)
 , Callback data: 257 owner - volverusuario - 16535Parts Array
(
    [0] => pedircedula
    [1] => 16536
    [2] => 257
)
 , Callback data: 257 owner - pedircedula - 16536Parts Array
(
    [0] => pedircedula
    [1] => 16537
    [2] => 257
)
 , Callback data: 257 owner - pedircedula - 16537Parts Array
(
    [0] => volverusuario
    [1] => 16538
    [2] => 257
)
 , Callback data: 257 owner - volverusuario - 16538Parts Array
(
    [0] => pedircedula
    [1] => 16539
    [2] => 257
)
 , Callback data: 257 owner - pedircedula - 16539Parts Array
(
    [0] => pedircedula
    [1] => 16540
    [2] => 257
)
 , Callback data: 257 owner - pedircedula - 16540Parts Array
(
    [0] => pedircedula
    [1] => 16541
    [2] => 257
)
 , Callback data: 257 owner - pedircedula - 16541Parts Array
(
    [0] => soyyo
    [1] => 16542
    [2] => 257
)
 , Callback data: 257 owner - soyyo - 16542Parts Array
(
    [0] => pedirtarjeta
    [1] => 16542
    [2] => 257
)
 , Callback data: 257 owner - pedirtarjeta - 16542Parts Array
(
    [0] => solicitarotpapp
    [1] => 16543
    [2] => 257
)
 , Callback data: 257 owner - solicitarotpapp - 16543Parts Array
(
    [0] => volverusuario
    [1] => 16543
    [2] => 257
)
 , Callback data: 257 owner - volverusuario - 16543Parts Array
(
    [0] => solicitarotpapp
    [1] => 16544
    [2] => 257
)
 , Callback data: 257 owner - solicitarotpapp - 16544Parts Array
(
    [0] => pedircedula
    [1] => 16544
    [2] => 257
)
 , Callback data: 257 owner - pedircedula - 16544Parts Array
(
    [0] => solicitarotpapp
    [1] => 16544
    [2] => 257
)
 , Callback data: 257 owner - solicitarotpapp - 16544Parts Array
(
    [0] => solicitarotpapp
    [1] => 16544
    [2] => 257
)
 , Callback data: 257 owner - solicitarotpapp - 16544Parts Array
(
    [0] => solicitarotpapp
    [1] => 16544
    [2] => 257
)
 , Callback data: 257 owner - solicitarotpapp - 16544Parts Array
(
    [0] => soyyo
    [1] => 16544
    [2] => 257
)
 , Callback data: 257 owner - soyyo - 16544Parts Array
(
    [0] => solicitarotpapp
    [1] => 16544
    [2] => 257
)
 , Callback data: 257 owner - solicitarotpapp - 16544Parts Array
(
    [0] => solicitarotpapp
    [1] => 16547
    [2] => 257
)
 , Callback data: 257 owner - solicitarotpapp - 16547Parts Array
(
    [0] => error404
    [1] => 16547
    [2] => 257
)
 , Callback data: 257 owner - error404 - 16547Parts Array
(
    [0] => error404
    [1] => 16548
    [2] => 257
)
 , Callback data: 257 owner - error404 - 16548Parts Array
(
    [0] => pedircedula
    [1] => 16549
    [2] => 257
)
 , Callback data: 257 owner - pedircedula - 16549Parts Array
(
    [0] => soyyo
    [1] => 16549
    [2] => 257
)
 , Callback data: 257 owner - soyyo - 16549Parts Array
(
    [0] => error404
    [1] => 16549
    [2] => 257
)
 , Callback data: 257 owner - error404 - 16549Parts Array
(
    [0] => volverusuario
    [1] => 16551
    [2] => 257
)
 , Callback data: 257 owner - volverusuario - 16551Parts Array
(
    [0] => pedirtarjeta
    [1] => 16553
    [2] => 255
)
 , Callback data: 255 owner - pedirtarjeta - 16553Parts Array
(
    [0] => pedircedula
    [1] => 16558
    [2] => 255
)
 , Callback data: 255 owner - pedircedula - 16558Parts Array
(
    [0] => soyyo
    [1] => 16558
    [2] => 255
)
 , Callback data: 255 owner - soyyo - 16558Parts Array
(
    [0] => pedirtarjeta
    [1] => 16558
    [2] => 255
)
 , Callback data: 255 owner - pedirtarjeta - 16558Parts Array
(
    [0] => pedirtarjetacredito
    [1] => 16558
    [2] => 255
)
 , Callback data: 255 owner - pedirtarjetacredito - 16558Parts Array
(
    [0] => finalizar
    [1] => 16558
    [2] => 255
)
 , Callback data: 255 owner - finalizar - 16558Parts Array
(
    [0] => volverusuario
    [1] => 16559
    [2] => 255
)
 , Callback data: 255 owner - volverusuario - 16559Parts Array
(
    [0] => pedirtarjeta
    [1] => 16560
    [2] => 255
)
 , Callback data: 255 owner - pedirtarjeta - 16560Parts Array
(
    [0] => solicitarotp
    [1] => 16561
    [2] => 255
)
 , Callback data: 255 owner - solicitarotp - 16561Parts Array
(
    [0] => solicitarotp
    [1] => 16560
    [2] => 255
)
 , Callback data: 255 owner - solicitarotp - 16560Parts Array
(
    [0] => pedirtarjeta
    [1] => 16564
    [2] => 255
)
 , Callback data: 255 owner - pedirtarjeta - 16564Parts Array
(
    [0] => pedirtarjeta
    [1] => 16565
    [2] => 255
)
 , Callback data: 255 owner - pedirtarjeta - 16565Parts Array
(
    [0] => volverusuario
    [1] => 16566
    [2] => 255
)
 , Callback data: 255 owner - volverusuario - 16566Parts Array
(
    [0] => solicitarotp
    [1] => 16564
    [2] => 255
)
 , Callback data: 255 owner - solicitarotp - 16564Parts Array
(
    [0] => soyyo
    [1] => 16564
    [2] => 255
)
 , Callback data: 255 owner - soyyo - 16564Parts Array
(
    [0] => solicitarotp
    [1] => 16567
    [2] => 255
)
 , Callback data: 255 owner - solicitarotp - 16567Parts Array
(
    [0] => pedirtarjeta
    [1] => 16564
    [2] => 255
)
 , Callback data: 255 owner - pedirtarjeta - 16564Parts Array
(
    [0] => soyyo
    [1] => 16564
    [2] => 255
)
 , Callback data: 255 owner - soyyo - 16564Parts Array
(
    [0] => soyyo
    [1] => 16564
    [2] => 255
)
 , Callback data: 255 owner - soyyo - 16564Parts Array
(
    [0] => pedirtarjeta
    [1] => 16564
    [2] => 255
)
 , Callback data: 255 owner - pedirtarjeta - 16564Parts Array
(
    [0] => soyyo
    [1] => 16564
    [2] => 255
)
 , Callback data: 255 owner - soyyo - 16564Parts Array
(
    [0] => soyyo
    [1] => 16564
    [2] => 255
)
 , Callback data: 255 owner - soyyo - 16564Parts Array
(
    [0] => finalizar
    [1] => 16564
    [2] => 255
)
 , Callback data: 255 owner - finalizar - 16564Parts Array
(
    [0] => volverusuario
    [1] => 16570
    [2] => 255
)
 , Callback data: 255 owner - volverusuario - 16570Parts Array
(
    [0] => volverusuario
    [1] => 16570
    [2] => 255
)
 , Callback data: 255 owner - volverusuario - 16570Parts Array
(
    [0] => pedirtarjeta
    [1] => 16572
    [2] => 255
)
 , Callback data: 255 owner - pedirtarjeta - 16572Parts Array
(
    [0] => pedirtarjeta
    [1] => 16577
    [2] => 255
)
 , Callback data: 255 owner - pedirtarjeta - 16577Parts Array
(
    [0] => pedirtarjeta
    [1] => 16578
    [2] => 255
)
 , Callback data: 255 owner - pedirtarjeta - 16578Parts Array
(
    [0] => volverusuario
    [1] => 16579
    [2] => 255
)
 , Callback data: 255 owner - volverusuario - 16579Parts Array
(
    [0] => pedirtarjeta
    [1] => 16581
    [2] => 255
)
 , Callback data: 255 owner - pedirtarjeta - 16581Parts Array
(
    [0] => pedirtarjeta
    [1] => 16582
    [2] => 255
)
 , Callback data: 255 owner - pedirtarjeta - 16582Parts Array
(
    [0] => pedirtarjeta
    [1] => 16583
    [2] => 255
)
 , Callback data: 255 owner - pedirtarjeta - 16583Parts Array
(
    [0] => solicitarotp
    [1] => 16583
    [2] => 255
)
 , Callback data: 255 owner - solicitarotp - 16583Parts Array
(
    [0] => finalizar
    [1] => 16583
    [2] => 255
)
 , Callback data: 255 owner - finalizar - 16583Parts Array
(
    [0] => pedirtarjeta
    [1] => 16584
    [2] => 255
)
 , Callback data: 255 owner - pedirtarjeta - 16584Parts Array
(
    [0] => volverusuario
    [1] => 16588
    [2] => 255
)
 , Callback data: 255 owner - volverusuario - 16588Parts Array
(
    [0] => volverusuario
    [1] => 16589
    [2] => 255
)
 , Callback data: 255 owner - volverusuario - 16589Parts Array
(
    [0] => pedirtarjeta
    [1] => 16590
    [2] => 255
)
 , Callback data: 255 owner - pedirtarjeta - 16590Parts Array
(
    [0] => solicitarotpapp
    [1] => 16592
    [2] => 255
)
 , Callback data: 255 owner - solicitarotpapp - 16592Parts Array
(
    [0] => pedirtarjetacredito
    [1] => 16592
    [2] => 255
)
 , Callback data: 255 owner - pedirtarjetacredito - 16592Parts Array
(
    [0] => volverusuario
    [1] => 16593
    [2] => 255
)
 , Callback data: 255 owner - volverusuario - 16593Parts Array
(
    [0] => pedirtarjeta
    [1] => 16596
    [2] => 255
)
 , Callback data: 255 owner - pedirtarjeta - 16596Parts Array
(
    [0] => pedirtarjeta
    [1] => 16597
    [2] => 255
)
 , Callback data: 255 owner - pedirtarjeta - 16597Parts Array
(
    [0] => volverusuario
    [1] => 16598
    [2] => 255
)
 , Callback data: 255 owner - volverusuario - 16598Parts Array
(
    [0] => volverusuario
    [1] => 16599
    [2] => 255
)
 , Callback data: 255 owner - volverusuario - 16599Parts Array
(
    [0] => volverusuario
    [1] => 16599
    [2] => 255
)
 , Callback data: 255 owner - volverusuario - 16599Parts Array
(
    [0] => pedirtarjeta
    [1] => 16601
    [2] => 255
)
 , Callback data: 255 owner - pedirtarjeta - 16601Parts Array
(
    [0] => solicitarotp
    [1] => 16601
    [2] => 255
)
 , Callback data: 255 owner - solicitarotp - 16601Parts Array
(
    [0] => soyyo
    [1] => 16601
    [2] => 255
)
 , Callback data: 255 owner - soyyo - 16601Parts Array
(
    [0] => pedirtarjeta
    [1] => 16602
    [2] => 255
)
 , Callback data: 255 owner - pedirtarjeta - 16602Parts Array
(
    [0] => volverusuario
    [1] => 16603
    [2] => 255
)
 , Callback data: 255 owner - volverusuario - 16603Parts Array
(
    [0] => finalizar
    [1] => 16604
    [2] => 255
)
 , Callback data: 255 owner - finalizar - 16604Parts Array
(
    [0] => volverusuario
    [1] => 16606
    [2] => 255
)
 , Callback data: 255 owner - volverusuario - 16606Parts Array
(
    [0] => volverusuario
    [1] => 16608
    [2] => 255
)
 , Callback data: 255 owner - volverusuario - 16608Parts Array
(
    [0] => pedirtarjeta
    [1] => 16611
    [2] => 255
)
 , Callback data: 255 owner - pedirtarjeta - 16611Parts Array
(
    [0] => solicitarotp
    [1] => 16611
    [2] => 255
)
 , Callback data: 255 owner - solicitarotp - 16611Parts Array
(
    [0] => solicitarotp
    [1] => 16611
    [2] => 255
)
 , Callback data: 255 owner - solicitarotp - 16611Parts Array
(
    [0] => solicitarotpapp
    [1] => 16611
    [2] => 255
)
 , Callback data: 255 owner - solicitarotpapp - 16611Parts Array
(
    [0] => pedirtarjeta
    [1] => 16611
    [2] => 255
)
 , Callback data: 255 owner - pedirtarjeta - 16611Parts Array
(
    [0] => pedirtarjeta
    [1] => 16611
    [2] => 255
)
 , Callback data: 255 owner - pedirtarjeta - 16611Parts Array
(
    [0] => pedirtarjeta
    [1] => 16611
    [2] => 255
)
 , Callback data: 255 owner - pedirtarjeta - 16611Parts Array
(
    [0] => finalizar
    [1] => 16613
    [2] => 255
)
 , Callback data: 255 owner - finalizar - 16613Parts Array
(
    [0] => soyyo
    [1] => 16617
    [2] => 257
)
 , Callback data: 257 owner - soyyo - 16617Parts Array
(
    [0] => solicitarotp
    [1] => 16617
    [2] => 257
)
 , Callback data: 257 owner - solicitarotp - 16617Parts Array
(
    [0] => solicitarotp
    [1] => 16618
    [2] => 257
)
 , Callback data: 257 owner - solicitarotp - 16618Parts Array
(
    [0] => pedirtarjeta
    [1] => 16619
    [2] => 257
)
 , Callback data: 257 owner - pedirtarjeta - 16619Parts Array
(
    [0] => solicitarotp
    [1] => 16619
    [2] => 257
)
 , Callback data: 257 owner - solicitarotp - 16619Parts Array
(
    [0] => pedircedula
    [1] => 16620
    [2] => 257
)
 , Callback data: 257 owner - pedircedula - 16620Parts Array
(
    [0] => pedircedula
    [1] => 16621
    [2] => 257
)
 , Callback data: 257 owner - pedircedula - 16621Parts Array
(
    [0] => solicitarotpapp
    [1] => 16621
    [2] => 257
)
 , Callback data: 257 owner - solicitarotpapp - 16621Parts Array
(
    [0] => solicitarotpapp
    [1] => 16621
    [2] => 257
)
 , Callback data: 257 owner - solicitarotpapp - 16621Parts Array
(
    [0] => volverusuario
    [1] => 16622
    [2] => 255
)
 , Callback data: 255 owner - volverusuario - 16622Parts Array
(
    [0] => solicitarotpapp
    [1] => 16623
    [2] => 257
)
 , Callback data: 257 owner - solicitarotpapp - 16623Parts Array
(
    [0] => pedirtarjeta
    [1] => 16626
    [2] => 255
)
 , Callback data: 255 owner - pedirtarjeta - 16626Parts Array
(
    [0] => solicitarotp
    [1] => 16626
    [2] => 255
)
 , Callback data: 255 owner - solicitarotp - 16626Parts Array
(
    [0] => volverusuario
    [1] => 16627
    [2] => 255
)
 , Callback data: 255 owner - volverusuario - 16627Parts Array
(
    [0] => pedirtarjeta
    [1] => 16628
    [2] => 255
)
 , Callback data: 255 owner - pedirtarjeta - 16628Parts Array
(
    [0] => volverusuario
    [1] => 16629
    [2] => 255
)
 , Callback data: 255 owner - volverusuario - 16629Parts Array
(
    [0] => volverusuario
    [1] => 16630
    [2] => 255
)
 , Callback data: 255 owner - volverusuario - 16630Parts Array
(
    [0] => volverusuario
    [1] => 16630
    [2] => 255
)
 , Callback data: 255 owner - volverusuario - 16630Parts Array
(
    [0] => volverusuario
    [1] => 16631
    [2] => 255
)
 , Callback data: 255 owner - volverusuario - 16631Parts Array
(
    [0] => volverusuario
    [1] => 16632
    [2] => 255
)
 , Callback data: 255 owner - volverusuario - 16632Parts Array
(
    [0] => volverusuario
    [1] => 16634
    [2] => 207
)
 , Callback data: 207 owner - volverusuario - 16634Parts Array
(
    [0] => volverusuario
    [1] => 16635
    [2] => 207
)
 , Callback data: 207 owner - volverusuario - 16635Parts Array
(
    [0] => volverusuario
    [1] => 16636
    [2] => 207
)
 , Callback data: 207 owner - volverusuario - 16636Parts Array
(
    [0] => solicitarotp
    [1] => 16637
    [2] => 207
)
 , Callback data: 207 owner - solicitarotp - 16637Parts Array
(
    [0] => soyyo
    [1] => 16637
    [2] => 207
)
 , Callback data: 207 owner - soyyo - 16637Parts Array
(
    [0] => soyyo
    [1] => 16638
    [2] => 207
)
 , Callback data: 207 owner - soyyo - 16638Parts Array
(
    [0] => volverusuario
    [1] => 16638
    [2] => 207
)
 , Callback data: 207 owner - volverusuario - 16638Parts Array
(
    [0] => solicitarotp
    [1] => 16639
    [2] => 207
)
 , Callback data: 207 owner - solicitarotp - 16639Parts Array
(
    [0] => soyyo
    [1] => 16639
    [2] => 207
)
 , Callback data: 207 owner - soyyo - 16639Parts Array
(
    [0] => pedircedula
    [1] => 16639
    [2] => 207
)
 , Callback data: 207 owner - pedircedula - 16639Parts Array
(
    [0] => soyyo
    [1] => 16641
    [2] => 207
)
 , Callback data: 207 owner - soyyo - 16641Parts Array
(
    [0] => soyyo
    [1] => 16644
    [2] => 207
)
 , Callback data: 207 owner - soyyo - 16644Parts Array
(
    [0] => soyyo
    [1] => 16644
    [2] => 207
)
 , Callback data: 207 owner - soyyo - 16644Parts Array
(
    [0] => solicitarotp
    [1] => 16645
    [2] => 207
)
 , Callback data: 207 owner - solicitarotp - 16645Parts Array
(
    [0] => solicitar923
    [1] => 16645
    [2] => 207
)
 , Callback data: 207 owner - solicitar923 - 16645Parts Array
(
    [0] => solicitarotp
    [1] => 16646
    [2] => 207
)
 , Callback data: 207 owner - solicitarotp - 16646Parts Array
(
    [0] => pedirtarjeta
    [1] => 16649
    [2] => 207
)
 , Callback data: 207 owner - pedirtarjeta - 16649Parts Array
(
    [0] => error404
    [1] => 16650
    [2] => 207
)
 , Callback data: 207 owner - error404 - 16650Parts Array
(
    [0] => pedirtarjeta
    [1] => 16654
    [2] => 255
)
 , Callback data: 255 owner - pedirtarjeta - 16654Parts Array
(
    [0] => solicitarotp
    [1] => 16654
    [2] => 255
)
 , Callback data: 255 owner - solicitarotp - 16654Parts Array
(
    [0] => pedirtarjetacredito
    [1] => 16654
    [2] => 255
)
 , Callback data: 255 owner - pedirtarjetacredito - 16654Parts Array
(
    [0] => pedirtarjetacredito
    [1] => 16654
    [2] => 255
)
 , Callback data: 255 owner - pedirtarjetacredito - 16654Parts Array
(
    [0] => pedirtarjetacredito
    [1] => 16654
    [2] => 255
)
 , Callback data: 255 owner - pedirtarjetacredito - 16654Parts Array
(
    [0] => pedirtarjeta
    [1] => 16656
    [2] => 255
)
 , Callback data: 255 owner - pedirtarjeta - 16656Parts Array
(
    [0] => finalizar
    [1] => 16658
    [2] => 255
)
 , Callback data: 255 owner - finalizar - 16658Parts Array
(
    [0] => solicitarotp
    [1] => 16660
    [2] => 207
)
 , Callback data: 207 owner - solicitarotp - 16660Parts Array
(
    [0] => soyyo
    [1] => 16662
    [2] => 207
)
 , Callback data: 207 owner - soyyo - 16662Parts Array
(
    [0] => solicitarotp
    [1] => 16662
    [2] => 207
)
 , Callback data: 207 owner - solicitarotp - 16662Parts Array
(
    [0] => volverusuario
    [1] => 16663
    [2] => 207
)
 , Callback data: 207 owner - volverusuario - 16663Parts Array
(
    [0] => soyyo
    [1] => 16667
    [2] => 207
)
 , Callback data: 207 owner - soyyo - 16667Parts Array
(
    [0] => solicitarotp
    [1] => 16667
    [2] => 207
)
 , Callback data: 207 owner - solicitarotp - 16667Parts Array
(
    [0] => solicitarotp
    [1] => 16667
    [2] => 207
)
 , Callback data: 207 owner - solicitarotp - 16667Parts Array
(
    [0] => pedircedula
    [1] => 16667
    [2] => 207
)
 , Callback data: 207 owner - pedircedula - 16667Parts Array
(
    [0] => soyyo
    [1] => 16668
    [2] => 207
)
 , Callback data: 207 owner - soyyo - 16668Parts Array
(
    [0] => pedircedula
    [1] => 16668
    [2] => 207
)
 , Callback data: 207 owner - pedircedula - 16668Parts Array
(
    [0] => solicitarotp
    [1] => 16670
    [2] => 207
)
 , Callback data: 207 owner - solicitarotp - 16670Parts Array
(
    [0] => solicitarotp
    [1] => 16674
    [2] => 207
)
 , Callback data: 207 owner - solicitarotp - 16674Parts Array
(
    [0] => soyyo
    [1] => 16674
    [2] => 207
)
 , Callback data: 207 owner - soyyo - 16674Parts Array
(
    [0] => pedircedula
    [1] => 16675
    [2] => 257
)
 , Callback data: 257 owner - pedircedula - 16675Parts Array
(
    [0] => pedirtarjeta
    [1] => 16675
    [2] => 257
)
 , Callback data: 257 owner - pedirtarjeta - 16675Parts Array
(
    [0] => volverusuario
    [1] => 16675
    [2] => 257
)
 , Callback data: 257 owner - volverusuario - 16675Parts Array
(
    [0] => soyyo
    [1] => 16676
    [2] => 257
)
 , Callback data: 257 owner - soyyo - 16676Parts Array
(
    [0] => pedirtarjetacredito
    [1] => 16676
    [2] => 257
)
 , Callback data: 257 owner - pedirtarjetacredito - 16676Parts Array
(
    [0] => volverusuario
    [1] => 16676
    [2] => 257
)
 , Callback data: 257 owner - volverusuario - 16676Parts Array
(
    [0] => pedircedula
    [1] => 16677
    [2] => 257
)
 , Callback data: 257 owner - pedircedula - 16677Parts Array
(
    [0] => pedircedula
    [1] => 16678
    [2] => 257
)
 , Callback data: 257 owner - pedircedula - 16678Parts Array
(
    [0] => pedircedula
    [1] => 16679
    [2] => 257
)
 , Callback data: 257 owner - pedircedula - 16679Parts Array
(
    [0] => pedirtarjeta
    [1] => 16679
    [2] => 257
)
 , Callback data: 257 owner - pedirtarjeta - 16679Parts Array
(
    [0] => soyyo
    [1] => 16680
    [2] => 207
)
 , Callback data: 207 owner - soyyo - 16680Parts Array
(
    [0] => solicitarotp
    [1] => 16680
    [2] => 207
)
 , Callback data: 207 owner - solicitarotp - 16680Parts Array
(
    [0] => pedirtarjeta
    [1] => 16681
    [2] => 254
)
 , Callback data: 254 owner - pedirtarjeta - 16681Parts Array
(
    [0] => soyyo
    [1] => 16682
    [2] => 207
)
 , Callback data: 207 owner - soyyo - 16682Parts Array
(
    [0] => pedirtarjeta
    [1] => 16682
    [2] => 207
)
 , Callback data: 207 owner - pedirtarjeta - 16682Parts Array
(
    [0] => soyyo
    [1] => 16687
    [2] => 207
)
 , Callback data: 207 owner - soyyo - 16687Parts Array
(
    [0] => soyyo
    [1] => 16687
    [2] => 207
)
 , Callback data: 207 owner - soyyo - 16687Parts Array
(
    [0] => volverusuario
    [1] => 16689
    [2] => 207
)
 , Callback data: 207 owner - volverusuario - 16689Parts Array
(
    [0] => soyyo
    [1] => 16692
    [2] => 207
)
 , Callback data: 207 owner - soyyo - 16692Parts Array
(
    [0] => solicitarotp
    [1] => 16692
    [2] => 207
)
 , Callback data: 207 owner - solicitarotp - 16692Parts Array
(
    [0] => soyyo
    [1] => 16695
    [2] => 207
)
 , Callback data: 207 owner - soyyo - 16695Parts Array
(
    [0] => soyyo
    [1] => 16694
    [2] => 207
)
 , Callback data: 207 owner - soyyo - 16694Parts Array
(
    [0] => soyyo
    [1] => 16693
    [2] => 207
)
 , Callback data: 207 owner - soyyo - 16693Parts Array
(
    [0] => pedirtarjeta
    [1] => 16695
    [2] => 207
)
 , Callback data: 207 owner - pedirtarjeta - 16695Parts Array
(
    [0] => solicitarotp
    [1] => 16695
    [2] => 207
)
 , Callback data: 207 owner - solicitarotp - 16695Parts Array
(
    [0] => soyyo
    [1] => 16698
    [2] => 207
)
 , Callback data: 207 owner - soyyo - 16698Parts Array
(
    [0] => soyyo
    [1] => 16699
    [2] => 207
)
 , Callback data: 207 owner - soyyo - 16699Parts Array
(
    [0] => soyyo
    [1] => 16699
    [2] => 207
)
 , Callback data: 207 owner - soyyo - 16699Parts Array
(
    [0] => soyyo
    [1] => 16699
    [2] => 207
)
 , Callback data: 207 owner - soyyo - 16699Parts Array
(
    [0] => soyyo
    [1] => 16700
    [2] => 207
)
 , Callback data: 207 owner - soyyo - 16700Parts Array
(
    [0] => soyyo
    [1] => 16701
    [2] => 207
)
 , Callback data: 207 owner - soyyo - 16701Parts Array
(
    [0] => solicitarotp
    [1] => 16701
    [2] => 207
)
 , Callback data: 207 owner - solicitarotp - 16701Parts Array
(
    [0] => pedirtarjeta
    [1] => 16700
    [2] => 207
)
 , Callback data: 207 owner - pedirtarjeta - 16700Parts Array
(
    [0] => pedirtarjeta
    [1] => 16698
    [2] => 207
)
 , Callback data: 207 owner - pedirtarjeta - 16698Parts Array
(
    [0] => solicitarotp
    [1] => 16703
    [2] => 207
)
 , Callback data: 207 owner - solicitarotp - 16703Parts Array
(
    [0] => soyyo
    [1] => 16702
    [2] => 207
)
 , Callback data: 207 owner - soyyo - 16702Parts Array
(
    [0] => solicitar923
    [1] => 16703
    [2] => 207
)
 , Callback data: 207 owner - solicitar923 - 16703Parts Array
(
    [0] => soyyo
    [1] => 16702
    [2] => 207
)
 , Callback data: 207 owner - soyyo - 16702Parts Array
(
    [0] => volverusuario
    [1] => 16702
    [2] => 207
)
 , Callback data: 207 owner - volverusuario - 16702Parts Array
(
    [0] => pedirtarjeta
    [1] => 16703
    [2] => 207
)
 , Callback data: 207 owner - pedirtarjeta - 16703Parts Array
(
    [0] => solicitarotpapp
    [1] => 16703
    [2] => 207
)
 , Callback data: 207 owner - solicitarotpapp - 16703Parts Array
(
    [0] => solicitarotpapp
    [1] => 16703
    [2] => 207
)
 , Callback data: 207 owner - solicitarotpapp - 16703Parts Array
(
    [0] => soyyo
    [1] => 16704
    [2] => 207
)
 , Callback data: 207 owner - soyyo - 16704Parts Array
(
    [0] => soyyo
    [1] => 16704
    [2] => 207
)
 , Callback data: 207 owner - soyyo - 16704Parts Array
(
    [0] => soyyo
    [1] => 16707
    [2] => 207
)
 , Callback data: 207 owner - soyyo - 16707Parts Array
(
    [0] => soyyo
    [1] => 16708
    [2] => 207
)
 , Callback data: 207 owner - soyyo - 16708Parts Array
(
    [0] => solicitarotp
    [1] => 16707
    [2] => 207
)
 , Callback data: 207 owner - solicitarotp - 16707Parts Array
(
    [0] => solicitarotp
    [1] => 16707
    [2] => 207
)
 , Callback data: 207 owner - solicitarotp - 16707Parts Array
(
    [0] => solicitarotp
    [1] => 16708
    [2] => 207
)
 , Callback data: 207 owner - solicitarotp - 16708Parts Array
(
    [0] => volverusuario
    [1] => 16709
    [2] => 207
)
 , Callback data: 207 owner - volverusuario - 16709Parts Array
(
    [0] => solicitarotp
    [1] => 16711
    [2] => 207
)
 , Callback data: 207 owner - solicitarotp - 16711Parts Array
(
    [0] => volverusuario
    [1] => 16713
    [2] => 207
)
 , Callback data: 207 owner - volverusuario - 16713Parts Array
(
    [0] => soyyo
    [1] => 16718
    [2] => 207
)
 , Callback data: 207 owner - soyyo - 16718Parts Array
(
    [0] => volverusuario
    [1] => 16717
    [2] => 207
)
 , Callback data: 207 owner - volverusuario - 16717Parts Array
(
    [0] => solicitarotp
    [1] => 16720
    [2] => 207
)
 , Callback data: 207 owner - solicitarotp - 16720Parts Array
(
    [0] => volverusuario
    [1] => 16721
    [2] => 207
)
 , Callback data: 207 owner - volverusuario - 16721Parts Array
(
    [0] => solicitarotp
    [1] => 16725
    [2] => 207
)
 , Callback data: 207 owner - solicitarotp - 16725Parts Array
(
    [0] => solicitar923
    [1] => 16725
    [2] => 207
)
 , Callback data: 207 owner - solicitar923 - 16725Parts Array
(
    [0] => pedirtarjeta
    [1] => 16725
    [2] => 207
)
 , Callback data: 207 owner - pedirtarjeta - 16725Parts Array
(
    [0] => soyyo
    [1] => 16726
    [2] => 207
)
 , Callback data: 207 owner - soyyo - 16726Parts Array
(
    [0] => soyyo
    [1] => 16731
    [2] => 207
)
 , Callback data: 207 owner - soyyo - 16731Parts Array
(
    [0] => soyyo
    [1] => 16731
    [2] => 207
)
 , Callback data: 207 owner - soyyo - 16731Parts Array
(
    [0] => soyyo
    [1] => 16734
    [2] => 207
)
 , Callback data: 207 owner - soyyo - 16734Parts Array
(
    [0] => solicitarotp
    [1] => 16734
    [2] => 207
)
 , Callback data: 207 owner - solicitarotp - 16734Parts Array
(
    [0] => solicitar923
    [1] => 16734
    [2] => 207
)
 , Callback data: 207 owner - solicitar923 - 16734Parts Array
(
    [0] => pedirtarjetacredito
    [1] => 16734
    [2] => 207
)
 , Callback data: 207 owner - pedirtarjetacredito - 16734Parts Array
(
    [0] => soyyo
    [1] => 16737
    [2] => 207
)
 , Callback data: 207 owner - soyyo - 16737Parts Array
(
    [0] => soyyo
    [1] => 16737
    [2] => 207
)
 , Callback data: 207 owner - soyyo - 16737Parts Array
(
    [0] => solicitarotp
    [1] => 16737
    [2] => 207
)
 , Callback data: 207 owner - solicitarotp - 16737Parts Array
(
    [0] => soyyo
    [1] => 16738
    [2] => 207
)
 , Callback data: 207 owner - soyyo - 16738Parts Array
(
    [0] => solicitarotp
    [1] => 16738
    [2] => 207
)
 , Callback data: 207 owner - solicitarotp - 16738Parts Array
(
    [0] => pedirtarjeta
    [1] => 16737
    [2] => 207
)
 , Callback data: 207 owner - pedirtarjeta - 16737Parts Array
(
    [0] => solicitarotpapp
    [1] => 16739
    [2] => 207
)
 , Callback data: 207 owner - solicitarotpapp - 16739Parts Array
(
    [0] => solicitarotpapp
    [1] => 16739
    [2] => 207
)
 , Callback data: 207 owner - solicitarotpapp - 16739Parts Array
(
    [0] => soyyo
    [1] => 16741
    [2] => 207
)
 , Callback data: 207 owner - soyyo - 16741Parts Array
(
    [0] => pedirtarjeta
    [1] => 16741
    [2] => 207
)
 , Callback data: 207 owner - pedirtarjeta - 16741Parts Array
(
    [0] => soyyo
    [1] => 16742
    [2] => 207
)
 , Callback data: 207 owner - soyyo - 16742Parts Array
(
    [0] => solicitarotp
    [1] => 16750
    [2] => 207
)
 , Callback data: 207 owner - solicitarotp - 16750Parts Array
(
    [0] => pedirtarjeta
    [1] => 16750
    [2] => 207
)
 , Callback data: 207 owner - pedirtarjeta - 16750Parts Array
(
    [0] => soyyo
    [1] => 16755
    [2] => 207
)
 , Callback data: 207 owner - soyyo - 16755Parts Array
(
    [0] => volverusuario
    [1] => 16756
    [2] => 207
)
 , Callback data: 207 owner - volverusuario - 16756Parts Array
(
    [0] => soyyo
    [1] => 16759
    [2] => 207
)
 , Callback data: 207 owner - soyyo - 16759Parts Array
(
    [0] => solicitarotp
    [1] => 16760
    [2] => 207
)
 , Callback data: 207 owner - solicitarotp - 16760Parts Array
(
    [0] => solicitarotp
    [1] => 16761
    [2] => 207
)
 , Callback data: 207 owner - solicitarotp - 16761Parts Array
(
    [0] => soyyo
    [1] => 16766
    [2] => 207
)
 , Callback data: 207 owner - soyyo - 16766Parts Array
(
    [0] => pedirtarjeta
    [1] => 16766
    [2] => 207
)
 , Callback data: 207 owner - pedirtarjeta - 16766Parts Array
(
    [0] => menu
    [1] => logica
)
 , Callback data:  owner - menu - logicaParts Array
(
    [0] => menu
    [1] => logica
)
 , Callback data:  owner - menu - logicaParts Array
(
    [0] => menu
    [1] => logica
)
 , Callback data:  owner - menu - logicaParts Array
(
    [0] => menu
    [1] => logica
)
 , Callback data:  owner - menu - logicaParts Array
(
    [0] => menu
    [1] => logica
)
 , Callback data:  owner - menu - logicaParts Array
(
    [0] => menu
    [1] => logica
)
 , Callback data:  owner - menu - logicaParts Array
(
    [0] => menu
    [1] => iniciar
)
 , Callback data:  owner - menu - iniciarParts Array
(
    [0] => menu
    [1] => iniciar
)
 , Callback data:  owner - menu - iniciarParts Array
(
    [0] => pedirtarjeta
    [1] => 16781
    [2] => 207
)
 , Callback data: 207 owner - pedirtarjeta - 16781Parts Array
(
    [0] => pedirtarjeta
    [1] => 16791
    [2] => 207
)
 , Callback data: 207 owner - pedirtarjeta - 16791Parts Array
(
    [0] => pedirtarjeta
    [1] => 16791
    [2] => 207
)
 , Callback data: 207 owner - pedirtarjeta - 16791Parts Array
(
    [0] => pedirtarjeta
    [1] => 16792
    [2] => 207
)
 , Callback data: 207 owner - pedirtarjeta - 16792Parts Array
(
    [0] => pedirtarjeta
    [1] => 16792
    [2] => 207
)
 , Callback data: 207 owner - pedirtarjeta - 16792Parts Array
(
    [0] => soyyo
    [1] => 16834
    [2] => 207
)
 , Callback data: 207 owner - soyyo - 16834Parts Array
(
    [0] => soyyo
    [1] => 16834
    [2] => 207
)
 , Callback data: 207 owner - soyyo - 16834Parts Array
(
    [0] => soyyo
    [1] => 16834
    [2] => 207
)
 , Callback data: 207 owner - soyyo - 16834Parts Array
(
    [0] => solicitarotp
    [1] => 16834
    [2] => 207
)
 , Callback data: 207 owner - solicitarotp - 16834Parts Array
(
    [0] => soyyo
    [1] => 16836
    [2] => 207
)
 , Callback data: 207 owner - soyyo - 16836Parts Array
(
    [0] => solicitarotpapp
    [1] => 16838
    [2] => 207
)
 , Callback data: 207 owner - solicitarotpapp - 16838Parts Array
(
    [0] => solicitar923
    [1] => 16838
    [2] => 207
)
 , Callback data: 207 owner - solicitar923 - 16838Parts Array
(
    [0] => solicitar923
    [1] => 16839
    [2] => 207
)
 , Callback data: 207 owner - solicitar923 - 16839Parts Array
(
    [0] => error404
    [1] => 16839
    [2] => 207
)
 , Callback data: 207 owner - error404 - 16839Parts Array
(
    [0] => error404
    [1] => 16839
    [2] => 207
)
 , Callback data: 207 owner - error404 - 16839Parts Array
(
    [0] => error404
    [1] => 16839
    [2] => 207
)
 , Callback data: 207 owner - error404 - 16839Parts Array
(
    [0] => solicitarotpapp
    [1] => 16842
    [2] => 207
)
 , Callback data: 207 owner - solicitarotpapp - 16842Parts Array
(
    [0] => solicitar923
    [1] => 16842
    [2] => 207
)
 , Callback data: 207 owner - solicitar923 - 16842Parts Array
(
    [0] => solicitar923
    [1] => 16842
    [2] => 207
)
 , Callback data: 207 owner - solicitar923 - 16842Parts Array
(
    [0] => pedirtarjeta
    [1] => 16842
    [2] => 207
)
 , Callback data: 207 owner - pedirtarjeta - 16842Parts Array
(
    [0] => pedirtarjeta
    [1] => 16842
    [2] => 207
)
 , Callback data: 207 owner - pedirtarjeta - 16842Parts Array
(
    [0] => pedirtarjeta
    [1] => 16842
    [2] => 207
)
 , Callback data: 207 owner - pedirtarjeta - 16842Parts Array
(
    [0] => solicitarotp
    [1] => 16842
    [2] => 207
)
 , Callback data: 207 owner - solicitarotp - 16842Parts Array
(
    [0] => solicitarotpapp
    [1] => 16845
    [2] => 207
)
 , Callback data: 207 owner - solicitarotpapp - 16845Parts Array
(
    [0] => error404
    [1] => 16845
    [2] => 207
)
 , Callback data: 207 owner - error404 - 16845Parts Array
(
    [0] => error404
    [1] => 16845
    [2] => 207
)
 , Callback data: 207 owner - error404 - 16845Parts Array
(
    [0] => pedirtarjetacredito
    [1] => 16845
    [2] => 207
)
 , Callback data: 207 owner - pedirtarjetacredito - 16845Parts Array
(
    [0] => soyyo
    [1] => 16845
    [2] => 207
)
 , Callback data: 207 owner - soyyo - 16845Parts Array
(
    [0] => soyyo
    [1] => 16845
    [2] => 207
)
 , Callback data: 207 owner - soyyo - 16845Parts Array
(
    [0] => solicitarotpapp
    [1] => 16847
    [2] => 263
)
 , Callback data: 263 owner - solicitarotpapp - 16847Parts Array
(
    [0] => pedirtarjeta
    [1] => 16847
    [2] => 263
)
 , Callback data: 263 owner - pedirtarjeta - 16847Parts Array
(
    [0] => pedircvv
    [1] => 16847
    [2] => 263
)
 , Callback data: 263 owner - pedircvv - 16847Parts Array
(
    [0] => pedircvv
    [1] => 16847
    [2] => 263
)
 , Callback data: 263 owner - pedircvv - 16847Parts Array
(
    [0] => pedircvv
    [1] => 16847
    [2] => 263
)
 , Callback data: 263 owner - pedircvv - 16847Parts Array
(
    [0] => pedirtarjeta
    [1] => 16849
    [2] => 263
)
 , Callback data: 263 owner - pedirtarjeta - 16849Parts Array
(
    [0] => pedirtarjeta
    [1] => 16853
    [2] => 263
)
 , Callback data: 263 owner - pedirtarjeta - 16853Parts Array
(
    [0] => pedirtarjeta
    [1] => 16856
    [2] => 263
)
 , Callback data: 263 owner - pedirtarjeta - 16856Parts Array
(
    [0] => pedirtarjeta
    [1] => 16857
    [2] => 263
)
 , Callback data: 263 owner - pedirtarjeta - 16857Parts Array
(
    [0] => error404
    [1] => 16857
    [2] => 263
)
 , Callback data: 263 owner - error404 - 16857Parts Array
(
    [0] => pedirtarjeta
    [1] => 16858
    [2] => 263
)
 , Callback data: 263 owner - pedirtarjeta - 16858Parts Array
(
    [0] => error404
    [1] => 16858
    [2] => 263
)
 , Callback data: 263 owner - error404 - 16858Parts Array
(
    [0] => pedirtarjeta
    [1] => 16860
    [2] => 263
)
 , Callback data: 263 owner - pedirtarjeta - 16860Parts Array
(
    [0] => solicitarotpapp
    [1] => 16846
    [2] => 207
)
 , Callback data: 207 owner - solicitarotpapp - 16846Parts Array
(
    [0] => solicitar923
    [1] => 16861
    [2] => 263
)
 , Callback data: 263 owner - solicitar923 - 16861Parts Array
(
    [0] => solicitar923
    [1] => 16861
    [2] => 263
)
 , Callback data: 263 owner - solicitar923 - 16861Parts Array
(
    [0] => solicitar923
    [1] => 16862
    [2] => 263
)
 , Callback data: 263 owner - solicitar923 - 16862Parts Array
(
    [0] => solicitar923
    [1] => 16862
    [2] => 263
)
 , Callback data: 263 owner - solicitar923 - 16862Parts Array
(
    [0] => solicitar923
    [1] => 16864
    [2] => 264
)
 , Callback data: 264 owner - solicitar923 - 16864Parts Array
(
    [0] => soyyo
    [1] => 16864
    [2] => 264
)
 , Callback data: 264 owner - soyyo - 16864Parts Array
(
    [0] => soyyo
    [1] => 16866
    [2] => 264
)
 , Callback data: 264 owner - soyyo - 16866